../Core/Src/main.c:182:5:main	168	static
../Core/Src/main.c:454:6:SystemClock_Config	88	static
../Core/Src/main.c:501:13:MX_NVIC_Init	8	static
../Core/Src/main.c:514:6:HAL_TIM_IC_CaptureCallback	16	static
../Core/Src/main.c:529:6:renderPage1	16	static
../Core/Src/main.c:535:6:renderPage2	112	static
../Core/Src/main.c:639:6:renderPage3	112	static
../Core/Src/main.c:749:6:renderPage4	112	static
../Core/Src/main.c:858:6:renderPage5	80	static
../Core/Src/main.c:904:6:renderPage6	72	static
../Core/Src/main.c:922:6:HAL_UART_RxCpltCallback	16	static
../Core/Src/main.c:937:6:Error_Handler	4	static,ignoring_inline_asm
