../Core/Src/onewire.c:15:6:OneWire_Delay	16	static
../Core/Src/onewire.c:24:6:OneWire_BusInputDirection	40	static
../Core/Src/onewire.c:34:6:OneWire_BusOutputDirection	40	static
../Core/Src/onewire.c:47:6:OneWire_OutputLow	16	static
../Core/Src/onewire.c:52:6:OneWire_OutputHigh	16	static
../Core/Src/onewire.c:64:9:OneWire_Reset	24	static
../Core/Src/onewire.c:85:6:OneWire_WriteBit	16	static
../Core/Src/onewire.c:107:9:OneWire_ReadBit	24	static
../Core/Src/onewire.c:126:6:OneWire_WriteByte	24	static
../Core/Src/onewire.c:137:9:OneWire_ReadByte	24	static
../Core/Src/onewire.c:152:6:OneWire_ResetSearch	16	static
../Core/Src/onewire.c:160:9:OneWire_Search	24	static
../Core/Src/onewire.c:277:9:OneWire_First	16	static
../Core/Src/onewire.c:287:9:OneWire_Next	16	static
../Core/Src/onewire.c:296:6:OneWire_Select	24	static
../Core/Src/onewire.c:310:6:OneWire_SelectWithPointer	24	static
../Core/Src/onewire.c:324:6:OneWire_GetFullROM	24	static
../Core/Src/onewire.c:335:9:OneWire_CRC8	24	static
../Core/Src/onewire.c:359:6:OneWire_Init	24	static
