../Core/Src/ssd1306_tests.c:147:6:ssd1306_TestBorder	16	static
../Core/Src/ssd1306_tests.c:173:6:ssd1306_TestFonts1	16	static
../Core/Src/ssd1306_tests.c:206:6:ssd1306_TestFonts2	32	static
../Core/Src/ssd1306_tests.c:228:6:ssd1306_TestFPS	112	static
../Core/Src/ssd1306_tests.c:266:6:ssd1306_TestLine	16	static
../Core/Src/ssd1306_tests.c:274:6:ssd1306_TestRectangle	32	static
../Core/Src/ssd1306_tests.c:284:6:ssd1306_TestRectangleFill	16	static
../Core/Src/ssd1306_tests.c:292:6:ssd1306_TestCircle	16	static
../Core/Src/ssd1306_tests.c:307:6:ssd1306_TestArc	16	static
../Core/Src/ssd1306_tests.c:314:6:ssd1306_TestPolyline	32	static
../Core/Src/ssd1306_tests.c:331:6:ssd1306_TestDrawBitmap	16	static
../Core/Src/ssd1306_tests.c:353:6:ssd1306_TestAll	8	static
