14:25:23 **** Incremental Build of configuration Debug for project Control_Ebike_ALL_1_1 ****
make -j16 all 
arm-none-eabi-gcc "../Core/Src/main.c" -mcpu=cortex-m4 -std=gnu11 -g3 -DDEBUG -DUSE_HAL_DRIVER -DSTM32F411xE -c -I../Core/Inc -I../Drivers/STM32F4xx_HAL_Driver/Inc -I../Drivers/STM32F4xx_HAL_Driver/Inc/Legacy -I../Drivers/CMSIS/Device/ST/STM32F4xx/Include -I../Drivers/CMSIS/Include -O0 -ffunction-sections -fdata-sections -Wall -fstack-usage -fcyclomatic-complexity -MMD -MP -MF"Core/Src/main.d" -MT"Core/Src/main.o" --specs=nano.specs -mfpu=fpv4-sp-d16 -mfloat-abi=hard -mthumb -o "Core/Src/main.o"
../Core/Src/main.c: In function 'main':
../Core/Src/main.c:315:25: warning: implicit declaration of function 'NTC10K_ADC_Read_S'; did you mean 'NTC10K_ADC_Read'? [-Wimplicit-function-declaration]
  315 |                         NTC10K_ADC_Read_S(&ADC_Raw_S);
      |                         ^~~~~~~~~~~~~~~~~
      |                         NTC10K_ADC_Read
../Core/Src/main.c:316:25: warning: implicit declaration of function 'NTC10K_Get_Avg_Temp_S'; did you mean 'NTC10K_Get_Avg_Temp'? [-Wimplicit-function-declaration]
  316 |                         NTC10K_Get_Avg_Temp_S(&Avg_Tmp_S);
      |                         ^~~~~~~~~~~~~~~~~~~~~
      |                         NTC10K_Get_Avg_Temp
arm-none-eabi-gcc -o "Control_Ebike_ALL_1_1.elf" @"objects.list"   -mcpu=cortex-m4 -T"C:\Users\mpiwowarski\Desktop\Control_Ebike_Version_1_0-main\STM32F411CEUX_FLASH.ld" --specs=nosys.specs -Wl,-Map="Control_Ebike_ALL_1_1.map" -Wl,--gc-sections -static --specs=nano.specs -mfpu=fpv4-sp-d16 -mfloat-abi=hard -mthumb -u _printf_float -Wl,--start-group -lc -lm -Wl,--end-group
D:/Programy/STM32CubeIDE_1.19.0/STM32CubeIDE/plugins/com.st.stm32cube.ide.mcu.externaltools.gnu-tools-for-stm32.13.3.rel1.win32_1.0.0.202411081344/tools/bin/../lib/gcc/arm-none-eabi/13.3.1/../../../../arm-none-eabi/bin/ld.exe: warning: Control_Ebike_ALL_1_1.elf has a LOAD segment with RWX permissions
Finished building target: Control_Ebike_ALL_1_1.elf
 
arm-none-eabi-size  Control_Ebike_ALL_1_1.elf 
arm-none-eabi-objdump -h -S Control_Ebike_ALL_1_1.elf  > "Control_Ebike_ALL_1_1.list"
   text	   data	    bss	    dec	    hex	filename
  75728	    504	   4528	  80760	  13b78	Control_Ebike_ALL_1_1.elf
Finished building: default.size.stdout
 
Finished building: Control_Ebike_ALL_1_1.list
 

14:25:23 Build Finished. 0 errors, 3 warnings. (took 864ms)

