11:15:28 **** Incremental Build of configuration Debug for project CeB_v1.0 ****
make -j16 all 
arm-none-eabi-gcc "../Core/Src/i2c.c" -mcpu=cortex-m4 -std=gnu11 -g3 -DDEBUG -DUSE_HAL_DRIVER -DSTM32F411xE -c -I../Core/Inc -I../Drivers/STM32F4xx_HAL_Driver/Inc -I../Drivers/STM32F4xx_HAL_Driver/Inc/Legacy -I../Drivers/CMSIS/Device/ST/STM32F4xx/Include -I../Drivers/CMSIS/Include -O0 -ffunction-sections -fdata-sections -Wall -fstack-usage -fcyclomatic-complexity -MMD -MP -MF"Core/Src/i2c.d" -MT"Core/Src/i2c.o" --specs=nano.specs -mfpu=fpv4-sp-d16 -mfloat-abi=hard -mthumb -o "Core/Src/i2c.o"
arm-none-eabi-gcc "../Core/Src/main.c" -mcpu=cortex-m4 -std=gnu11 -g3 -DDEBUG -DUSE_HAL_DRIVER -DSTM32F411xE -c -I../Core/Inc -I../Drivers/STM32F4xx_HAL_Driver/Inc -I../Drivers/STM32F4xx_HAL_Driver/Inc/Legacy -I../Drivers/CMSIS/Device/ST/STM32F4xx/Include -I../Drivers/CMSIS/Include -O0 -ffunction-sections -fdata-sections -Wall -fstack-usage -fcyclomatic-complexity -MMD -MP -MF"Core/Src/main.d" -MT"Core/Src/main.o" --specs=nano.specs -mfpu=fpv4-sp-d16 -mfloat-abi=hard -mthumb -o "Core/Src/main.o"
arm-none-eabi-gcc -o "CeB_v1.0.elf" @"objects.list"   -mcpu=cortex-m4 -T"C:\Users\mpiwowarski\Desktop\CeB_MP_F\CeB_v1.0\STM32F411CEUX_FLASH.ld" --specs=nosys.specs -Wl,-Map="CeB_v1.0.map" -Wl,--gc-sections -static --specs=nano.specs -mfpu=fpv4-sp-d16 -mfloat-abi=hard -mthumb -Wl,--start-group -lc -lm -Wl,--end-group
Finished building target: CeB_v1.0.elf
 
arm-none-eabi-size  CeB_v1.0.elf 
arm-none-eabi-objdump -h -S CeB_v1.0.elf  > "CeB_v1.0.list"
   text	   data	    bss	    dec	    hex	filename
  11776	     16	   2760	  14552	   38d8	CeB_v1.0.elf
Finished building: default.size.stdout
 
Finished building: CeB_v1.0.list
 
11:15:31 **** Incremental Build of configuration Debug for project CeB_v1.0 ****
make -j16 all 
arm-none-eabi-size  CeB_v1.0.elf 
   text	   data	    bss	    dec	    hex	filename
  11776	     16	   2760	  14552	   38d8	CeB_v1.0.elf
Finished building: default.size.stdout
 
11:15:53 **** Incremental Build of configuration Debug for project CeB_v1.0 ****
make -j16 all 
arm-none-eabi-size  CeB_v1.0.elf 
   text	   data	    bss	    dec	    hex	filename
  11776	     16	   2760	  14552	   38d8	CeB_v1.0.elf
Finished building: default.size.stdout
 
11:16:39 **** Incremental Build of configuration Debug for project CeB_v1.0 ****
make -j16 all 
arm-none-eabi-gcc "../Core/Src/main.c" -mcpu=cortex-m4 -std=gnu11 -g3 -DDEBUG -DUSE_HAL_DRIVER -DSTM32F411xE -c -I../Core/Inc -I../Drivers/STM32F4xx_HAL_Driver/Inc -I../Drivers/STM32F4xx_HAL_Driver/Inc/Legacy -I../Drivers/CMSIS/Device/ST/STM32F4xx/Include -I../Drivers/CMSIS/Include -O0 -ffunction-sections -fdata-sections -Wall -fstack-usage -fcyclomatic-complexity -MMD -MP -MF"Core/Src/main.d" -MT"Core/Src/main.o" --specs=nano.specs -mfpu=fpv4-sp-d16 -mfloat-abi=hard -mthumb -o "Core/Src/main.o"
arm-none-eabi-gcc -o "CeB_v1.0.elf" @"objects.list"   -mcpu=cortex-m4 -T"C:\Users\mpiwowarski\Desktop\CeB_MP_F\CeB_v1.0\STM32F411CEUX_FLASH.ld" --specs=nosys.specs -Wl,-Map="CeB_v1.0.map" -Wl,--gc-sections -static --specs=nano.specs -mfpu=fpv4-sp-d16 -mfloat-abi=hard -mthumb -Wl,--start-group -lc -lm -Wl,--end-group
Finished building target: CeB_v1.0.elf
 
arm-none-eabi-size  CeB_v1.0.elf 
arm-none-eabi-objdump -h -S CeB_v1.0.elf  > "CeB_v1.0.list"
   text	   data	    bss	    dec	    hex	filename
  12892	     16	   2760	  15668	   3d34	CeB_v1.0.elf
Finished building: default.size.stdout
 
Finished building: CeB_v1.0.list
 
11:22:15 **** Incremental Build of configuration Debug for project CeB_v1.0 ****
make -j16 all 
arm-none-eabi-gcc "../Core/Src/main.c" -mcpu=cortex-m4 -std=gnu11 -g3 -DDEBUG -DUSE_HAL_DRIVER -DSTM32F411xE -c -I../Core/Inc -I../Drivers/STM32F4xx_HAL_Driver/Inc -I../Drivers/STM32F4xx_HAL_Driver/Inc/Legacy -I../Drivers/CMSIS/Device/ST/STM32F4xx/Include -I../Drivers/CMSIS/Include -O0 -ffunction-sections -fdata-sections -Wall -fstack-usage -fcyclomatic-complexity -MMD -MP -MF"Core/Src/main.d" -MT"Core/Src/main.o" --specs=nano.specs -mfpu=fpv4-sp-d16 -mfloat-abi=hard -mthumb -o "Core/Src/main.o"
arm-none-eabi-gcc -o "CeB_v1.0.elf" @"objects.list"   -mcpu=cortex-m4 -T"C:\Users\mpiwowarski\Desktop\CeB_MP_F\CeB_v1.0\STM32F411CEUX_FLASH.ld" --specs=nosys.specs -Wl,-Map="CeB_v1.0.map" -Wl,--gc-sections -static --specs=nano.specs -mfpu=fpv4-sp-d16 -mfloat-abi=hard -mthumb -Wl,--start-group -lc -lm -Wl,--end-group
Finished building target: CeB_v1.0.elf
 
arm-none-eabi-size  CeB_v1.0.elf 
arm-none-eabi-objdump -h -S CeB_v1.0.elf  > "CeB_v1.0.list"
   text	   data	    bss	    dec	    hex	filename
  10936	     12	   2756	  13704	   3588	CeB_v1.0.elf
Finished building: default.size.stdout
 
Finished building: CeB_v1.0.list
 
11:22:17 **** Incremental Build of configuration Debug for project CeB_v1.0 ****
make -j16 all 
arm-none-eabi-size  CeB_v1.0.elf 
   text	   data	    bss	    dec	    hex	filename
  10936	     12	   2756	  13704	   3588	CeB_v1.0.elf
Finished building: default.size.stdout
 
11:22:52 **** Incremental Build of configuration Debug for project CeB_v1.0 ****
make -j16 all 
arm-none-eabi-gcc "../Core/Src/main.c" -mcpu=cortex-m4 -std=gnu11 -g3 -DDEBUG -DUSE_HAL_DRIVER -DSTM32F411xE -c -I../Core/Inc -I../Drivers/STM32F4xx_HAL_Driver/Inc -I../Drivers/STM32F4xx_HAL_Driver/Inc/Legacy -I../Drivers/CMSIS/Device/ST/STM32F4xx/Include -I../Drivers/CMSIS/Include -O0 -ffunction-sections -fdata-sections -Wall -fstack-usage -fcyclomatic-complexity -MMD -MP -MF"Core/Src/main.d" -MT"Core/Src/main.o" --specs=nano.specs -mfpu=fpv4-sp-d16 -mfloat-abi=hard -mthumb -o "Core/Src/main.o"
arm-none-eabi-gcc -o "CeB_v1.0.elf" @"objects.list"   -mcpu=cortex-m4 -T"C:\Users\mpiwowarski\Desktop\CeB_MP_F\CeB_v1.0\STM32F411CEUX_FLASH.ld" --specs=nosys.specs -Wl,-Map="CeB_v1.0.map" -Wl,--gc-sections -static --specs=nano.specs -mfpu=fpv4-sp-d16 -mfloat-abi=hard -mthumb -Wl,--start-group -lc -lm -Wl,--end-group
Finished building target: CeB_v1.0.elf
 
arm-none-eabi-size  CeB_v1.0.elf 
arm-none-eabi-objdump -h -S CeB_v1.0.elf  > "CeB_v1.0.list"
   text	   data	    bss	    dec	    hex	filename
  11892	     16	   2760	  14668	   394c	CeB_v1.0.elf
Finished building: default.size.stdout
 
Finished building: CeB_v1.0.list
 
11:22:54 **** Incremental Build of configuration Debug for project CeB_v1.0 ****
make -j16 all 
arm-none-eabi-size  CeB_v1.0.elf 
   text	   data	    bss	    dec	    hex	filename
  11892	     16	   2760	  14668	   394c	CeB_v1.0.elf
Finished building: default.size.stdout
 
11:27:06 **** Incremental Build of configuration Debug for project CeB_v1.0 ****
make -j16 all 
arm-none-eabi-gcc "../Core/Src/main.c" -mcpu=cortex-m4 -std=gnu11 -g3 -DDEBUG -DUSE_HAL_DRIVER -DSTM32F411xE -c -I../Core/Inc -I../Drivers/STM32F4xx_HAL_Driver/Inc -I../Drivers/STM32F4xx_HAL_Driver/Inc/Legacy -I../Drivers/CMSIS/Device/ST/STM32F4xx/Include -I../Drivers/CMSIS/Include -O0 -ffunction-sections -fdata-sections -Wall -fstack-usage -fcyclomatic-complexity -MMD -MP -MF"Core/Src/main.d" -MT"Core/Src/main.o" --specs=nano.specs -mfpu=fpv4-sp-d16 -mfloat-abi=hard -mthumb -o "Core/Src/main.o"
../Core/Src/main.c: In function 'main':
../Core/Src/main.c:283:21: error: 'Font_6x8' undeclared (first use in this function)
  283 |         GFX_SetFont(Font_6x8);       // <-- Wybierz realną nazwę z Fonts/fonts.h
      |                     ^~~~~~~~
../Core/Src/main.c:283:21: note: each undeclared identifier is reported only once for each function it appears in
make: *** [Core/Src/subdir.mk:52: Core/Src/main.o] Error 1
"make -j16 all" terminated with exit code 2. Build might be incomplete.
11:27:26 **** Incremental Build of configuration Debug for project CeB_v1.0 ****
make -j16 all 
arm-none-eabi-gcc "../Core/Src/main.c" -mcpu=cortex-m4 -std=gnu11 -g3 -DDEBUG -DUSE_HAL_DRIVER -DSTM32F411xE -c -I../Core/Inc -I../Drivers/STM32F4xx_HAL_Driver/Inc -I../Drivers/STM32F4xx_HAL_Driver/Inc/Legacy -I../Drivers/CMSIS/Device/ST/STM32F4xx/Include -I../Drivers/CMSIS/Include -O0 -ffunction-sections -fdata-sections -Wall -fstack-usage -fcyclomatic-complexity -MMD -MP -MF"Core/Src/main.d" -MT"Core/Src/main.o" --specs=nano.specs -mfpu=fpv4-sp-d16 -mfloat-abi=hard -mthumb -o "Core/Src/main.o"
../Core/Src/main.c: In function 'main':
../Core/Src/main.c:283:21: error: 'Font_8x5' undeclared (first use in this function); did you mean 'font_8x5'?
  283 |         GFX_SetFont(Font_8x5);       // <-- Wybierz realną nazwę z Fonts/fonts.h
      |                     ^~~~~~~~
      |                     font_8x5
../Core/Src/main.c:283:21: note: each undeclared identifier is reported only once for each function it appears in
make: *** [Core/Src/subdir.mk:52: Core/Src/main.o] Error 1
"make -j16 all" terminated with exit code 2. Build might be incomplete.
11:27:28 **** Incremental Build of configuration Debug for project CeB_v1.0 ****
make -j16 all 
arm-none-eabi-gcc "../Core/Src/main.c" -mcpu=cortex-m4 -std=gnu11 -g3 -DDEBUG -DUSE_HAL_DRIVER -DSTM32F411xE -c -I../Core/Inc -I../Drivers/STM32F4xx_HAL_Driver/Inc -I../Drivers/STM32F4xx_HAL_Driver/Inc/Legacy -I../Drivers/CMSIS/Device/ST/STM32F4xx/Include -I../Drivers/CMSIS/Include -O0 -ffunction-sections -fdata-sections -Wall -fstack-usage -fcyclomatic-complexity -MMD -MP -MF"Core/Src/main.d" -MT"Core/Src/main.o" --specs=nano.specs -mfpu=fpv4-sp-d16 -mfloat-abi=hard -mthumb -o "Core/Src/main.o"
../Core/Src/main.c: In function 'main':
../Core/Src/main.c:283:21: error: 'Font_8x5' undeclared (first use in this function); did you mean 'font_8x5'?
  283 |         GFX_SetFont(Font_8x5);       // <-- Wybierz realną nazwę z Fonts/fonts.h
      |                     ^~~~~~~~
      |                     font_8x5
../Core/Src/main.c:283:21: note: each undeclared identifier is reported only once for each function it appears in
make: *** [Core/Src/subdir.mk:52: Core/Src/main.o] Error 1
"make -j16 all" terminated with exit code 2. Build might be incomplete.
11:27:47 **** Incremental Build of configuration Debug for project CeB_v1.0 ****
make -j16 all 
arm-none-eabi-gcc "../Core/Src/main.c" -mcpu=cortex-m4 -std=gnu11 -g3 -DDEBUG -DUSE_HAL_DRIVER -DSTM32F411xE -c -I../Core/Inc -I../Drivers/STM32F4xx_HAL_Driver/Inc -I../Drivers/STM32F4xx_HAL_Driver/Inc/Legacy -I../Drivers/CMSIS/Device/ST/STM32F4xx/Include -I../Drivers/CMSIS/Include -O0 -ffunction-sections -fdata-sections -Wall -fstack-usage -fcyclomatic-complexity -MMD -MP -MF"Core/Src/main.d" -MT"Core/Src/main.o" --specs=nano.specs -mfpu=fpv4-sp-d16 -mfloat-abi=hard -mthumb -o "Core/Src/main.o"
arm-none-eabi-gcc -o "CeB_v1.0.elf" @"objects.list"   -mcpu=cortex-m4 -T"C:\Users\mpiwowarski\Desktop\CeB_MP_F\CeB_v1.0\STM32F411CEUX_FLASH.ld" --specs=nosys.specs -Wl,-Map="CeB_v1.0.map" -Wl,--gc-sections -static --specs=nano.specs -mfpu=fpv4-sp-d16 -mfloat-abi=hard -mthumb -Wl,--start-group -lc -lm -Wl,--end-group
Finished building target: CeB_v1.0.elf
 
arm-none-eabi-size  CeB_v1.0.elf 
arm-none-eabi-objdump -h -S CeB_v1.0.elf  > "CeB_v1.0.list"
   text	   data	    bss	    dec	    hex	filename
  12460	     16	   2760	  15236	   3b84	CeB_v1.0.elf
Finished building: default.size.stdout
 
Finished building: CeB_v1.0.list
 
11:27:51 **** Incremental Build of configuration Debug for project CeB_v1.0 ****
make -j16 all 
arm-none-eabi-size  CeB_v1.0.elf 
   text	   data	    bss	    dec	    hex	filename
  12460	     16	   2760	  15236	   3b84	CeB_v1.0.elf
Finished building: default.size.stdout
 
11:28:09 **** Incremental Build of configuration Debug for project CeB_v1.0 ****
make -j16 all 
arm-none-eabi-gcc "../Core/Src/main.c" -mcpu=cortex-m4 -std=gnu11 -g3 -DDEBUG -DUSE_HAL_DRIVER -DSTM32F411xE -c -I../Core/Inc -I../Drivers/STM32F4xx_HAL_Driver/Inc -I../Drivers/STM32F4xx_HAL_Driver/Inc/Legacy -I../Drivers/CMSIS/Device/ST/STM32F4xx/Include -I../Drivers/CMSIS/Include -O0 -ffunction-sections -fdata-sections -Wall -fstack-usage -fcyclomatic-complexity -MMD -MP -MF"Core/Src/main.d" -MT"Core/Src/main.o" --specs=nano.specs -mfpu=fpv4-sp-d16 -mfloat-abi=hard -mthumb -o "Core/Src/main.o"
arm-none-eabi-gcc -o "CeB_v1.0.elf" @"objects.list"   -mcpu=cortex-m4 -T"C:\Users\mpiwowarski\Desktop\CeB_MP_F\CeB_v1.0\STM32F411CEUX_FLASH.ld" --specs=nosys.specs -Wl,-Map="CeB_v1.0.map" -Wl,--gc-sections -static --specs=nano.specs -mfpu=fpv4-sp-d16 -mfloat-abi=hard -mthumb -Wl,--start-group -lc -lm -Wl,--end-group
Finished building target: CeB_v1.0.elf
 
arm-none-eabi-size  CeB_v1.0.elf 
arm-none-eabi-objdump -h -S CeB_v1.0.elf  > "CeB_v1.0.list"
   text	   data	    bss	    dec	    hex	filename
  12460	     16	   2760	  15236	   3b84	CeB_v1.0.elf
Finished building: default.size.stdout
 
Finished building: CeB_v1.0.list
 
11:34:48 **** Incremental Build of configuration Debug for project CeB_v1.0 ****
make -j16 all 
arm-none-eabi-size  CeB_v1.0.elf 
   text	   data	    bss	    dec	    hex	filename
  12460	     16	   2760	  15236	   3b84	CeB_v1.0.elf
Finished building: default.size.stdout
 
11:35:31 **** Incremental Build of configuration Debug for project CeB_v1.0 ****
make -j16 all 
arm-none-eabi-gcc "../Core/Src/main.c" -mcpu=cortex-m4 -std=gnu11 -g3 -DDEBUG -DUSE_HAL_DRIVER -DSTM32F411xE -c -I../Core/Inc -I../Drivers/STM32F4xx_HAL_Driver/Inc -I../Drivers/STM32F4xx_HAL_Driver/Inc/Legacy -I../Drivers/CMSIS/Device/ST/STM32F4xx/Include -I../Drivers/CMSIS/Include -O0 -ffunction-sections -fdata-sections -Wall -fstack-usage -fcyclomatic-complexity -MMD -MP -MF"Core/Src/main.d" -MT"Core/Src/main.o" --specs=nano.specs -mfpu=fpv4-sp-d16 -mfloat-abi=hard -mthumb -o "Core/Src/main.o"
In file included from ../Core/Src/main.c:31:
../Core/Inc/Fonts/fonts.h:23:10: error: #include expects "FILENAME" or <FILENAME>
   23 | #include font_12x16.h
      |          ^~~~~~~~~~
make: *** [Core/Src/subdir.mk:52: Core/Src/main.o] Error 1
"make -j16 all" terminated with exit code 2. Build might be incomplete.
11:35:44 **** Incremental Build of configuration Debug for project CeB_v1.0 ****
make -j16 all 
arm-none-eabi-gcc "../Core/Src/main.c" -mcpu=cortex-m4 -std=gnu11 -g3 -DDEBUG -DUSE_HAL_DRIVER -DSTM32F411xE -c -I../Core/Inc -I../Drivers/STM32F4xx_HAL_Driver/Inc -I../Drivers/STM32F4xx_HAL_Driver/Inc/Legacy -I../Drivers/CMSIS/Device/ST/STM32F4xx/Include -I../Drivers/CMSIS/Include -O0 -ffunction-sections -fdata-sections -Wall -fstack-usage -fcyclomatic-complexity -MMD -MP -MF"Core/Src/main.d" -MT"Core/Src/main.o" --specs=nano.specs -mfpu=fpv4-sp-d16 -mfloat-abi=hard -mthumb -o "Core/Src/main.o"
In file included from ../Core/Inc/Fonts/fonts.h:23,
                 from ../Core/Src/main.c:31:
../Core/Inc/Fonts/font_12x16.h:28:43: warning: unsigned conversion from 'int' to 'unsigned char' changes value from '256' to '0' [-Woverflow]
   28 |                             0x0000,0x0000,0x0100,0x0380,0x0380,0x0380,0x0380,0x0380,0x0380,0x0100,0x0000,0x0000,   // -
      |                                           ^~~~~~
../Core/Inc/Fonts/font_12x16.h:28:50: warning: unsigned conversion from 'int' to 'unsigned char' changes value from '896' to '128' [-Woverflow]
   28 |                             0x0000,0x0000,0x0100,0x0380,0x0380,0x0380,0x0380,0x0380,0x0380,0x0100,0x0000,0x0000,   // -
      |                                                  ^~~~~~
../Core/Inc/Fonts/font_12x16.h:28:57: warning: unsigned conversion from 'int' to 'unsigned char' changes value from '896' to '128' [-Woverflow]
   28 |                             0x0000,0x0000,0x0100,0x0380,0x0380,0x0380,0x0380,0x0380,0x0380,0x0100,0x0000,0x0000,   // -
      |                                                         ^~~~~~
../Core/Inc/Fonts/font_12x16.h:28:64: warning: unsigned conversion from 'int' to 'unsigned char' changes value from '896' to '128' [-Woverflow]
   28 |                             0x0000,0x0000,0x0100,0x0380,0x0380,0x0380,0x0380,0x0380,0x0380,0x0100,0x0000,0x0000,   // -
      |                                                                ^~~~~~
../Core/Inc/Fonts/font_12x16.h:28:71: warning: unsigned conversion from 'int' to 'unsigned char' changes value from '896' to '128' [-Woverflow]
   28 |                             0x0000,0x0000,0x0100,0x0380,0x0380,0x0380,0x0380,0x0380,0x0380,0x0100,0x0000,0x0000,   // -
      |                                                                       ^~~~~~
../Core/Inc/Fonts/font_12x16.h:28:78: warning: unsigned conversion from 'int' to 'unsigned char' changes value from '896' to '128' [-Woverflow]
   28 |                             0x0000,0x0000,0x0100,0x0380,0x0380,0x0380,0x0380,0x0380,0x0380,0x0100,0x0000,0x0000,   // -
      |                                                                              ^~~~~~
../Core/Inc/Fonts/font_12x16.h:28:85: warning: unsigned conversion from 'int' to 'unsigned char' changes value from '896' to '128' [-Woverflow]
   28 |                             0x0000,0x0000,0x0100,0x0380,0x0380,0x0380,0x0380,0x0380,0x0380,0x0100,0x0000,0x0000,   // -
      |                                                                                     ^~~~~~
../Core/Inc/Fonts/font_12x16.h:28:92: warning: unsigned conversion from 'int' to 'unsigned char' changes value from '256' to '0' [-Woverflow]
   28 |                             0x0000,0x0000,0x0100,0x0380,0x0380,0x0380,0x0380,0x0380,0x0380,0x0100,0x0000,0x0000,   // -
      |                                                                                            ^~~~~~
../Core/Inc/Fonts/font_12x16.h:29:64: warning: unsigned conversion from 'int' to 'unsigned char' changes value from '49152' to '0' [-Woverflow]
   29 |                             0x0000,0x0000,0x0000,0x0000,0x0000,0xc000,0xc000,0x0000,0x0000,0x0000,0x0000,0x0000,   // .
      |                                                                ^~~~~~
../Core/Inc/Fonts/font_12x16.h:29:71: warning: unsigned conversion from 'int' to 'unsigned char' changes value from '49152' to '0' [-Woverflow]
   29 |                             0x0000,0x0000,0x0000,0x0000,0x0000,0xc000,0xc000,0x0000,0x0000,0x0000,0x0000,0x0000,   // .
      |                                                                       ^~~~~~
../Core/Inc/Fonts/font_12x16.h:30:43: warning: unsigned conversion from 'int' to 'unsigned char' changes value from '33026' to '2' [-Woverflow]
   30 |                             0x0000,0x0000,0x8102,0xc386,0xc386,0xc386,0xc386,0xc386,0xc386,0x8102,0x0000,0x0000,   // /
      |                                           ^~~~~~
../Core/Inc/Fonts/font_12x16.h:30:50: warning: unsigned conversion from 'int' to 'unsigned char' changes value from '50054' to '134' [-Woverflow]
   30 |                             0x0000,0x0000,0x8102,0xc386,0xc386,0xc386,0xc386,0xc386,0xc386,0x8102,0x0000,0x0000,   // /
      |                                                  ^~~~~~
../Core/Inc/Fonts/font_12x16.h:30:57: warning: unsigned conversion from 'int' to 'unsigned char' changes value from '50054' to '134' [-Woverflow]
   30 |                             0x0000,0x0000,0x8102,0xc386,0xc386,0xc386,0xc386,0xc386,0xc386,0x8102,0x0000,0x0000,   // /
      |                                                         ^~~~~~
../Core/Inc/Fonts/font_12x16.h:30:64: warning: unsigned conversion from 'int' to 'unsigned char' changes value from '50054' to '134' [-Woverflow]
   30 |                             0x0000,0x0000,0x8102,0xc386,0xc386,0xc386,0xc386,0xc386,0xc386,0x8102,0x0000,0x0000,   // /
      |                                                                ^~~~~~
../Core/Inc/Fonts/font_12x16.h:30:71: warning: unsigned conversion from 'int' to 'unsigned char' changes value from '50054' to '134' [-Woverflow]
   30 |                             0x0000,0x0000,0x8102,0xc386,0xc386,0xc386,0xc386,0xc386,0xc386,0x8102,0x0000,0x0000,   // /
      |                                                                       ^~~~~~
../Core/Inc/Fonts/font_12x16.h:30:78: warning: unsigned conversion from 'int' to 'unsigned char' changes value from '50054' to '134' [-Woverflow]
   30 |                             0x0000,0x0000,0x8102,0xc386,0xc386,0xc386,0xc386,0xc386,0xc386,0x8102,0x0000,0x0000,   // /
      |                                                                              ^~~~~~
../Core/Inc/Fonts/font_12x16.h:30:85: warning: unsigned conversion from 'int' to 'unsigned char' changes value from '50054' to '134' [-Woverflow]
   30 |                             0x0000,0x0000,0x8102,0xc386,0xc386,0xc386,0xc386,0xc386,0xc386,0x8102,0x0000,0x0000,   // /
      |                                                                                     ^~~~~~
../Core/Inc/Fonts/font_12x16.h:30:92: warning: unsigned conversion from 'int' to 'unsigned char' changes value from '33026' to '2' [-Woverflow]
   30 |                             0x0000,0x0000,0x8102,0xc386,0xc386,0xc386,0xc386,0xc386,0xc386,0x8102,0x0000,0x0000,   // /
      |                                                                                            ^~~~~~
../Core/Inc/Fonts/font_12x16.h:32:36: warning: unsigned conversion from 'int' to 'unsigned char' changes value from '32508' to '252' [-Woverflow]
   32 |                             0x0000,0x7efc,0xbc7a,0xc006,0xc006,0xc006,0xc006,0xc006,0xc006,0xbc7a,0x7efc,0x0000,  // 0
      |                                    ^~~~~~
../Core/Inc/Fonts/font_12x16.h:32:43: warning: unsigned conversion from 'int' to 'unsigned char' changes value from '48250' to '122' [-Woverflow]
   32 |                             0x0000,0x7efc,0xbc7a,0xc006,0xc006,0xc006,0xc006,0xc006,0xc006,0xbc7a,0x7efc,0x0000,  // 0
      |                                           ^~~~~~
../Core/Inc/Fonts/font_12x16.h:32:50: warning: unsigned conversion from 'int' to 'unsigned char' changes value from '49158' to '6' [-Woverflow]
   32 |                             0x0000,0x7efc,0xbc7a,0xc006,0xc006,0xc006,0xc006,0xc006,0xc006,0xbc7a,0x7efc,0x0000,  // 0
      |                                                  ^~~~~~
../Core/Inc/Fonts/font_12x16.h:32:57: warning: unsigned conversion from 'int' to 'unsigned char' changes value from '49158' to '6' [-Woverflow]
   32 |                             0x0000,0x7efc,0xbc7a,0xc006,0xc006,0xc006,0xc006,0xc006,0xc006,0xbc7a,0x7efc,0x0000,  // 0
      |                                                         ^~~~~~
../Core/Inc/Fonts/font_12x16.h:32:64: warning: unsigned conversion from 'int' to 'unsigned char' changes value from '49158' to '6' [-Woverflow]
   32 |                             0x0000,0x7efc,0xbc7a,0xc006,0xc006,0xc006,0xc006,0xc006,0xc006,0xbc7a,0x7efc,0x0000,  // 0
      |                                                                ^~~~~~
../Core/Inc/Fonts/font_12x16.h:32:71: warning: unsigned conversion from 'int' to 'unsigned char' changes value from '49158' to '6' [-Woverflow]
   32 |                             0x0000,0x7efc,0xbc7a,0xc006,0xc006,0xc006,0xc006,0xc006,0xc006,0xbc7a,0x7efc,0x0000,  // 0
      |                                                                       ^~~~~~
../Core/Inc/Fonts/font_12x16.h:32:78: warning: unsigned conversion from 'int' to 'unsigned char' changes value from '49158' to '6' [-Woverflow]
   32 |                             0x0000,0x7efc,0xbc7a,0xc006,0xc006,0xc006,0xc006,0xc006,0xc006,0xbc7a,0x7efc,0x0000,  // 0
      |                                                                              ^~~~~~
../Core/Inc/Fonts/font_12x16.h:32:85: warning: unsigned conversion from 'int' to 'unsigned char' changes value from '49158' to '6' [-Woverflow]
   32 |                             0x0000,0x7efc,0xbc7a,0xc006,0xc006,0xc006,0xc006,0xc006,0xc006,0xbc7a,0x7efc,0x0000,  // 0
      |                                                                                     ^~~~~~
../Core/Inc/Fonts/font_12x16.h:32:92: warning: unsigned conversion from 'int' to 'unsigned char' changes value from '48250' to '122' [-Woverflow]
   32 |                             0x0000,0x7efc,0xbc7a,0xc006,0xc006,0xc006,0xc006,0xc006,0xc006,0xbc7a,0x7efc,0x0000,  // 0
      |                                                                                            ^~~~~~
../Core/Inc/Fonts/font_12x16.h:32:99: warning: unsigned conversion from 'int' to 'unsigned char' changes value from '32508' to '252' [-Woverflow]
   32 |                             0x0000,0x7efc,0xbc7a,0xc006,0xc006,0xc006,0xc006,0xc006,0xc006,0xbc7a,0x7efc,0x0000,  // 0
      |                                                                                                   ^~~~~~
../Core/Inc/Fonts/font_12x16.h:33:92: warning: unsigned conversion from 'int' to 'unsigned char' changes value from '15480' to '120' [-Woverflow]
   33 |                             0x0000,0x0000,0x0000,0x0000,0x0000,0x0000,0x0000,0x0000,0x0000,0x3c78,0x7efc,0x0000,  // 1
      |                                                                                            ^~~~~~
../Core/Inc/Fonts/font_12x16.h:33:99: warning: unsigned conversion from 'int' to 'unsigned char' changes value from '32508' to '252' [-Woverflow]
   33 |                             0x0000,0x0000,0x0000,0x0000,0x0000,0x0000,0x0000,0x0000,0x0000,0x3c78,0x7efc,0x0000,  // 1
      |                                                                                                   ^~~~~~
../Core/Inc/Fonts/font_12x16.h:34:36: warning: unsigned conversion from 'int' to 'unsigned char' changes value from '32256' to '0' [-Woverflow]
   34 |                             0x0000,0x7e00,0xbd02,0xc386,0xc386,0xc386,0xc386,0xc386,0xc386,0x817a,0x00fc,0x0000,  // 2
      |                                    ^~~~~~
../Core/Inc/Fonts/font_12x16.h:34:43: warning: unsigned conversion from 'int' to 'unsigned char' changes value from '48386' to '2' [-Woverflow]
   34 |                             0x0000,0x7e00,0xbd02,0xc386,0xc386,0xc386,0xc386,0xc386,0xc386,0x817a,0x00fc,0x0000,  // 2
      |                                           ^~~~~~
../Core/Inc/Fonts/font_12x16.h:34:50: warning: unsigned conversion from 'int' to 'unsigned char' changes value from '50054' to '134' [-Woverflow]
   34 |                             0x0000,0x7e00,0xbd02,0xc386,0xc386,0xc386,0xc386,0xc386,0xc386,0x817a,0x00fc,0x0000,  // 2
      |                                                  ^~~~~~
../Core/Inc/Fonts/font_12x16.h:34:57: warning: unsigned conversion from 'int' to 'unsigned char' changes value from '50054' to '134' [-Woverflow]
   34 |                             0x0000,0x7e00,0xbd02,0xc386,0xc386,0xc386,0xc386,0xc386,0xc386,0x817a,0x00fc,0x0000,  // 2
      |                                                         ^~~~~~
../Core/Inc/Fonts/font_12x16.h:34:64: warning: unsigned conversion from 'int' to 'unsigned char' changes value from '50054' to '134' [-Woverflow]
   34 |                             0x0000,0x7e00,0xbd02,0xc386,0xc386,0xc386,0xc386,0xc386,0xc386,0x817a,0x00fc,0x0000,  // 2
      |                                                                ^~~~~~
../Core/Inc/Fonts/font_12x16.h:34:71: warning: unsigned conversion from 'int' to 'unsigned char' changes value from '50054' to '134' [-Woverflow]
   34 |                             0x0000,0x7e00,0xbd02,0xc386,0xc386,0xc386,0xc386,0xc386,0xc386,0x817a,0x00fc,0x0000,  // 2
      |                                                                       ^~~~~~
../Core/Inc/Fonts/font_12x16.h:34:78: warning: unsigned conversion from 'int' to 'unsigned char' changes value from '50054' to '134' [-Woverflow]
   34 |                             0x0000,0x7e00,0xbd02,0xc386,0xc386,0xc386,0xc386,0xc386,0xc386,0x817a,0x00fc,0x0000,  // 2
      |                                                                              ^~~~~~
../Core/Inc/Fonts/font_12x16.h:34:85: warning: unsigned conversion from 'int' to 'unsigned char' changes value from '50054' to '134' [-Woverflow]
   34 |                             0x0000,0x7e00,0xbd02,0xc386,0xc386,0xc386,0xc386,0xc386,0xc386,0x817a,0x00fc,0x0000,  // 2
      |                                                                                     ^~~~~~
../Core/Inc/Fonts/font_12x16.h:34:92: warning: unsigned conversion from 'int' to 'unsigned char' changes value from '33146' to '122' [-Woverflow]
   34 |                             0x0000,0x7e00,0xbd02,0xc386,0xc386,0xc386,0xc386,0xc386,0xc386,0x817a,0x00fc,0x0000,  // 2
      |                                                                                            ^~~~~~
../Core/Inc/Fonts/font_12x16.h:35:43: warning: unsigned conversion from 'int' to 'unsigned char' changes value from '33026' to '2' [-Woverflow]
   35 |                             0x0000,0x0000,0x8102,0xc386,0xc386,0xc386,0xc386,0xc386,0xc386,0xbd7a,0x7efc,0x0000,  // 3
      |                                           ^~~~~~
../Core/Inc/Fonts/font_12x16.h:35:50: warning: unsigned conversion from 'int' to 'unsigned char' changes value from '50054' to '134' [-Woverflow]
   35 |                             0x0000,0x0000,0x8102,0xc386,0xc386,0xc386,0xc386,0xc386,0xc386,0xbd7a,0x7efc,0x0000,  // 3
      |                                                  ^~~~~~
../Core/Inc/Fonts/font_12x16.h:35:57: warning: unsigned conversion from 'int' to 'unsigned char' changes value from '50054' to '134' [-Woverflow]
   35 |                             0x0000,0x0000,0x8102,0xc386,0xc386,0xc386,0xc386,0xc386,0xc386,0xbd7a,0x7efc,0x0000,  // 3
      |                                                         ^~~~~~
../Core/Inc/Fonts/font_12x16.h:35:64: warning: unsigned conversion from 'int' to 'unsigned char' changes value from '50054' to '134' [-Woverflow]
   35 |                             0x0000,0x0000,0x8102,0xc386,0xc386,0xc386,0xc386,0xc386,0xc386,0xbd7a,0x7efc,0x0000,  // 3
      |                                                                ^~~~~~
../Core/Inc/Fonts/font_12x16.h:35:71: warning: unsigned conversion from 'int' to 'unsigned char' changes value from '50054' to '134' [-Woverflow]
   35 |                             0x0000,0x0000,0x8102,0xc386,0xc386,0xc386,0xc386,0xc386,0xc386,0xbd7a,0x7efc,0x0000,  // 3
      |                                                                       ^~~~~~
../Core/Inc/Fonts/font_12x16.h:35:78: warning: unsigned conversion from 'int' to 'unsigned char' changes value from '50054' to '134' [-Woverflow]
   35 |                             0x0000,0x0000,0x8102,0xc386,0xc386,0xc386,0xc386,0xc386,0xc386,0xbd7a,0x7efc,0x0000,  // 3
      |                                                                              ^~~~~~
../Core/Inc/Fonts/font_12x16.h:35:85: warning: unsigned conversion from 'int' to 'unsigned char' changes value from '50054' to '134' [-Woverflow]
   35 |                             0x0000,0x0000,0x8102,0xc386,0xc386,0xc386,0xc386,0xc386,0xc386,0xbd7a,0x7efc,0x0000,  // 3
      |                                                                                     ^~~~~~
../Core/Inc/Fonts/font_12x16.h:35:92: warning: unsigned conversion from 'int' to 'unsigned char' changes value from '48506' to '122' [-Woverflow]
   35 |                             0x0000,0x0000,0x8102,0xc386,0xc386,0xc386,0xc386,0xc386,0xc386,0xbd7a,0x7efc,0x0000,  // 3
      |                                                                                            ^~~~~~
../Core/Inc/Fonts/font_12x16.h:35:99: warning: unsigned conversion from 'int' to 'unsigned char' changes value from '32508' to '252' [-Woverflow]
   35 |                             0x0000,0x0000,0x8102,0xc386,0xc386,0xc386,0xc386,0xc386,0xc386,0xbd7a,0x7efc,0x0000,  // 3
      |                                                                                                   ^~~~~~
../Core/Inc/Fonts/font_12x16.h:36:43: warning: unsigned conversion from 'int' to 'unsigned char' changes value from '376' to '120' [-Woverflow]
   36 |                             0x0000,0x00fc,0x0178,0x0380,0x0380,0x0380,0x0380,0x0380,0x0380,0x3d78,0x7efc,0x0000,  // 4
      |                                           ^~~~~~
../Core/Inc/Fonts/font_12x16.h:36:50: warning: unsigned conversion from 'int' to 'unsigned char' changes value from '896' to '128' [-Woverflow]
   36 |                             0x0000,0x00fc,0x0178,0x0380,0x0380,0x0380,0x0380,0x0380,0x0380,0x3d78,0x7efc,0x0000,  // 4
      |                                                  ^~~~~~
../Core/Inc/Fonts/font_12x16.h:36:57: warning: unsigned conversion from 'int' to 'unsigned char' changes value from '896' to '128' [-Woverflow]
   36 |                             0x0000,0x00fc,0x0178,0x0380,0x0380,0x0380,0x0380,0x0380,0x0380,0x3d78,0x7efc,0x0000,  // 4
      |                                                         ^~~~~~
../Core/Inc/Fonts/font_12x16.h:36:64: warning: unsigned conversion from 'int' to 'unsigned char' changes value from '896' to '128' [-Woverflow]
   36 |                             0x0000,0x00fc,0x0178,0x0380,0x0380,0x0380,0x0380,0x0380,0x0380,0x3d78,0x7efc,0x0000,  // 4
      |                                                                ^~~~~~
../Core/Inc/Fonts/font_12x16.h:36:71: warning: unsigned conversion from 'int' to 'unsigned char' changes value from '896' to '128' [-Woverflow]
   36 |                             0x0000,0x00fc,0x0178,0x0380,0x0380,0x0380,0x0380,0x0380,0x0380,0x3d78,0x7efc,0x0000,  // 4
      |                                                                       ^~~~~~
../Core/Inc/Fonts/font_12x16.h:36:78: warning: unsigned conversion from 'int' to 'unsigned char' changes value from '896' to '128' [-Woverflow]
   36 |                             0x0000,0x00fc,0x0178,0x0380,0x0380,0x0380,0x0380,0x0380,0x0380,0x3d78,0x7efc,0x0000,  // 4
      |                                                                              ^~~~~~
../Core/Inc/Fonts/font_12x16.h:36:85: warning: unsigned conversion from 'int' to 'unsigned char' changes value from '896' to '128' [-Woverflow]
   36 |                             0x0000,0x00fc,0x0178,0x0380,0x0380,0x0380,0x0380,0x0380,0x0380,0x3d78,0x7efc,0x0000,  // 4
      |                                                                                     ^~~~~~
../Core/Inc/Fonts/font_12x16.h:36:92: warning: unsigned conversion from 'int' to 'unsigned char' changes value from '15736' to '120' [-Woverflow]
   36 |                             0x0000,0x00fc,0x0178,0x0380,0x0380,0x0380,0x0380,0x0380,0x0380,0x3d78,0x7efc,0x0000,  // 4
      |                                                                                            ^~~~~~
../Core/Inc/Fonts/font_12x16.h:36:99: warning: unsigned conversion from 'int' to 'unsigned char' changes value from '32508' to '252' [-Woverflow]
   36 |                             0x0000,0x00fc,0x0178,0x0380,0x0380,0x0380,0x0380,0x0380,0x0380,0x3d78,0x7efc,0x0000,  // 4
      |                                                                                                   ^~~~~~
../Core/Inc/Fonts/font_12x16.h:37:43: warning: unsigned conversion from 'int' to 'unsigned char' changes value from '33146' to '122' [-Woverflow]
   37 |                             0x0000,0x00fc,0x817a,0xc386,0xc386,0xc386,0xc386,0xc386,0xc386,0xbd02,0x7e00,0x0000,  // 5
      |                                           ^~~~~~
../Core/Inc/Fonts/font_12x16.h:37:50: warning: unsigned conversion from 'int' to 'unsigned char' changes value from '50054' to '134' [-Woverflow]
   37 |                             0x0000,0x00fc,0x817a,0xc386,0xc386,0xc386,0xc386,0xc386,0xc386,0xbd02,0x7e00,0x0000,  // 5
      |                                                  ^~~~~~
../Core/Inc/Fonts/font_12x16.h:37:57: warning: unsigned conversion from 'int' to 'unsigned char' changes value from '50054' to '134' [-Woverflow]
   37 |                             0x0000,0x00fc,0x817a,0xc386,0xc386,0xc386,0xc386,0xc386,0xc386,0xbd02,0x7e00,0x0000,  // 5
      |                                                         ^~~~~~
../Core/Inc/Fonts/font_12x16.h:37:64: warning: unsigned conversion from 'int' to 'unsigned char' changes value from '50054' to '134' [-Woverflow]
   37 |                             0x0000,0x00fc,0x817a,0xc386,0xc386,0xc386,0xc386,0xc386,0xc386,0xbd02,0x7e00,0x0000,  // 5
      |                                                                ^~~~~~
../Core/Inc/Fonts/font_12x16.h:37:71: warning: unsigned conversion from 'int' to 'unsigned char' changes value from '50054' to '134' [-Woverflow]
   37 |                             0x0000,0x00fc,0x817a,0xc386,0xc386,0xc386,0xc386,0xc386,0xc386,0xbd02,0x7e00,0x0000,  // 5
      |                                                                       ^~~~~~
../Core/Inc/Fonts/font_12x16.h:37:78: warning: unsigned conversion from 'int' to 'unsigned char' changes value from '50054' to '134' [-Woverflow]
   37 |                             0x0000,0x00fc,0x817a,0xc386,0xc386,0xc386,0xc386,0xc386,0xc386,0xbd02,0x7e00,0x0000,  // 5
      |                                                                              ^~~~~~
../Core/Inc/Fonts/font_12x16.h:37:85: warning: unsigned conversion from 'int' to 'unsigned char' changes value from '50054' to '134' [-Woverflow]
   37 |                             0x0000,0x00fc,0x817a,0xc386,0xc386,0xc386,0xc386,0xc386,0xc386,0xbd02,0x7e00,0x0000,  // 5
      |                                                                                     ^~~~~~
../Core/Inc/Fonts/font_12x16.h:37:92: warning: unsigned conversion from 'int' to 'unsigned char' changes value from '48386' to '2' [-Woverflow]
   37 |                             0x0000,0x00fc,0x817a,0xc386,0xc386,0xc386,0xc386,0xc386,0xc386,0xbd02,0x7e00,0x0000,  // 5
      |                                                                                            ^~~~~~
../Core/Inc/Fonts/font_12x16.h:37:99: warning: unsigned conversion from 'int' to 'unsigned char' changes value from '32256' to '0' [-Woverflow]
   37 |                             0x0000,0x00fc,0x817a,0xc386,0xc386,0xc386,0xc386,0xc386,0xc386,0xbd02,0x7e00,0x0000,  // 5
      |                                                                                                   ^~~~~~
../Core/Inc/Fonts/font_12x16.h:38:36: warning: unsigned conversion from 'int' to 'unsigned char' changes value from '32508' to '252' [-Woverflow]
   38 |                             0x0000,0x7efc,0xbd7a,0xc386,0xc386,0xc386,0xc386,0xc386,0xc386,0xbd02,0x7e00,0x0000,  // 6
      |                                    ^~~~~~
../Core/Inc/Fonts/font_12x16.h:38:43: warning: unsigned conversion from 'int' to 'unsigned char' changes value from '48506' to '122' [-Woverflow]
   38 |                             0x0000,0x7efc,0xbd7a,0xc386,0xc386,0xc386,0xc386,0xc386,0xc386,0xbd02,0x7e00,0x0000,  // 6
      |                                           ^~~~~~
../Core/Inc/Fonts/font_12x16.h:38:50: warning: unsigned conversion from 'int' to 'unsigned char' changes value from '50054' to '134' [-Woverflow]
   38 |                             0x0000,0x7efc,0xbd7a,0xc386,0xc386,0xc386,0xc386,0xc386,0xc386,0xbd02,0x7e00,0x0000,  // 6
      |                                                  ^~~~~~
../Core/Inc/Fonts/font_12x16.h:38:57: warning: unsigned conversion from 'int' to 'unsigned char' changes value from '50054' to '134' [-Woverflow]
   38 |                             0x0000,0x7efc,0xbd7a,0xc386,0xc386,0xc386,0xc386,0xc386,0xc386,0xbd02,0x7e00,0x0000,  // 6
      |                                                         ^~~~~~
../Core/Inc/Fonts/font_12x16.h:38:64: warning: unsigned conversion from 'int' to 'unsigned char' changes value from '50054' to '134' [-Woverflow]
   38 |                             0x0000,0x7efc,0xbd7a,0xc386,0xc386,0xc386,0xc386,0xc386,0xc386,0xbd02,0x7e00,0x0000,  // 6
      |                                                                ^~~~~~
../Core/Inc/Fonts/font_12x16.h:38:71: warning: unsigned conversion from 'int' to 'unsigned char' changes value from '50054' to '134' [-Woverflow]
   38 |                             0x0000,0x7efc,0xbd7a,0xc386,0xc386,0xc386,0xc386,0xc386,0xc386,0xbd02,0x7e00,0x0000,  // 6
      |                                                                       ^~~~~~
../Core/Inc/Fonts/font_12x16.h:38:78: warning: unsigned conversion from 'int' to 'unsigned char' changes value from '50054' to '134' [-Woverflow]
   38 |                             0x0000,0x7efc,0xbd7a,0xc386,0xc386,0xc386,0xc386,0xc386,0xc386,0xbd02,0x7e00,0x0000,  // 6
      |                                                                              ^~~~~~
../Core/Inc/Fonts/font_12x16.h:38:85: warning: unsigned conversion from 'int' to 'unsigned char' changes value from '50054' to '134' [-Woverflow]
   38 |                             0x0000,0x7efc,0xbd7a,0xc386,0xc386,0xc386,0xc386,0xc386,0xc386,0xbd02,0x7e00,0x0000,  // 6
      |                                                                                     ^~~~~~
../Core/Inc/Fonts/font_12x16.h:38:92: warning: unsigned conversion from 'int' to 'unsigned char' changes value from '48386' to '2' [-Woverflow]
   38 |                             0x0000,0x7efc,0xbd7a,0xc386,0xc386,0xc386,0xc386,0xc386,0xc386,0xbd02,0x7e00,0x0000,  // 6
      |                                                                                            ^~~~~~
../Core/Inc/Fonts/font_12x16.h:38:99: warning: unsigned conversion from 'int' to 'unsigned char' changes value from '32256' to '0' [-Woverflow]
   38 |                             0x0000,0x7efc,0xbd7a,0xc386,0xc386,0xc386,0xc386,0xc386,0xc386,0xbd02,0x7e00,0x0000,  // 6
      |                                                                                                   ^~~~~~
../Core/Inc/Fonts/font_12x16.h:39:92: warning: unsigned conversion from 'int' to 'unsigned char' changes value from '15482' to '122' [-Woverflow]
   39 |                             0x0000,0x0000,0x0002,0x0006,0x0006,0x0006,0x0006,0x0006,0x0006,0x3c7a,0x7efc,0x0000,  // 7
      |                                                                                            ^~~~~~
../Core/Inc/Fonts/font_12x16.h:39:99: warning: unsigned conversion from 'int' to 'unsigned char' changes value from '32508' to '252' [-Woverflow]
   39 |                             0x0000,0x0000,0x0002,0x0006,0x0006,0x0006,0x0006,0x0006,0x0006,0x3c7a,0x7efc,0x0000,  // 7
      |                                                                                                   ^~~~~~
../Core/Inc/Fonts/font_12x16.h:40:36: warning: unsigned conversion from 'int' to 'unsigned char' changes value from '32508' to '252' [-Woverflow]
   40 |                             0x0000,0x7efc,0xbd7a,0xc386,0xc386,0xc386,0xc386,0xc386,0xc386,0xbd7a,0x7efc,0x0000,  // 8
      |                                    ^~~~~~
../Core/Inc/Fonts/font_12x16.h:40:43: warning: unsigned conversion from 'int' to 'unsigned char' changes value from '48506' to '122' [-Woverflow]
   40 |                             0x0000,0x7efc,0xbd7a,0xc386,0xc386,0xc386,0xc386,0xc386,0xc386,0xbd7a,0x7efc,0x0000,  // 8
      |                                           ^~~~~~
../Core/Inc/Fonts/font_12x16.h:40:50: warning: unsigned conversion from 'int' to 'unsigned char' changes value from '50054' to '134' [-Woverflow]
   40 |                             0x0000,0x7efc,0xbd7a,0xc386,0xc386,0xc386,0xc386,0xc386,0xc386,0xbd7a,0x7efc,0x0000,  // 8
      |                                                  ^~~~~~
../Core/Inc/Fonts/font_12x16.h:40:57: warning: unsigned conversion from 'int' to 'unsigned char' changes value from '50054' to '134' [-Woverflow]
   40 |                             0x0000,0x7efc,0xbd7a,0xc386,0xc386,0xc386,0xc386,0xc386,0xc386,0xbd7a,0x7efc,0x0000,  // 8
      |                                                         ^~~~~~
../Core/Inc/Fonts/font_12x16.h:40:64: warning: unsigned conversion from 'int' to 'unsigned char' changes value from '50054' to '134' [-Woverflow]
   40 |                             0x0000,0x7efc,0xbd7a,0xc386,0xc386,0xc386,0xc386,0xc386,0xc386,0xbd7a,0x7efc,0x0000,  // 8
      |                                                                ^~~~~~
../Core/Inc/Fonts/font_12x16.h:40:71: warning: unsigned conversion from 'int' to 'unsigned char' changes value from '50054' to '134' [-Woverflow]
   40 |                             0x0000,0x7efc,0xbd7a,0xc386,0xc386,0xc386,0xc386,0xc386,0xc386,0xbd7a,0x7efc,0x0000,  // 8
      |                                                                       ^~~~~~
../Core/Inc/Fonts/font_12x16.h:40:78: warning: unsigned conversion from 'int' to 'unsigned char' changes value from '50054' to '134' [-Woverflow]
   40 |                             0x0000,0x7efc,0xbd7a,0xc386,0xc386,0xc386,0xc386,0xc386,0xc386,0xbd7a,0x7efc,0x0000,  // 8
      |                                                                              ^~~~~~
../Core/Inc/Fonts/font_12x16.h:40:85: warning: unsigned conversion from 'int' to 'unsigned char' changes value from '50054' to '134' [-Woverflow]
   40 |                             0x0000,0x7efc,0xbd7a,0xc386,0xc386,0xc386,0xc386,0xc386,0xc386,0xbd7a,0x7efc,0x0000,  // 8
      |                                                                                     ^~~~~~
../Core/Inc/Fonts/font_12x16.h:40:92: warning: unsigned conversion from 'int' to 'unsigned char' changes value from '48506' to '122' [-Woverflow]
   40 |                             0x0000,0x7efc,0xbd7a,0xc386,0xc386,0xc386,0xc386,0xc386,0xc386,0xbd7a,0x7efc,0x0000,  // 8
      |                                                                                            ^~~~~~
../Core/Inc/Fonts/font_12x16.h:40:99: warning: unsigned conversion from 'int' to 'unsigned char' changes value from '32508' to '252' [-Woverflow]
   40 |                             0x0000,0x7efc,0xbd7a,0xc386,0xc386,0xc386,0xc386,0xc386,0xc386,0xbd7a,0x7efc,0x0000,  // 8
      |                                                                                                   ^~~~~~
../Core/Inc/Fonts/font_12x16.h:41:43: warning: unsigned conversion from 'int' to 'unsigned char' changes value from '33146' to '122' [-Woverflow]
   41 |                             0x0000,0x00fc,0x817a,0xc386,0xc386,0xc386,0xc386,0xc386,0xc386,0xbd7a,0x7efc,0x0000,  // 9
      |                                           ^~~~~~
../Core/Inc/Fonts/font_12x16.h:41:50: warning: unsigned conversion from 'int' to 'unsigned char' changes value from '50054' to '134' [-Woverflow]
   41 |                             0x0000,0x00fc,0x817a,0xc386,0xc386,0xc386,0xc386,0xc386,0xc386,0xbd7a,0x7efc,0x0000,  // 9
      |                                                  ^~~~~~
../Core/Inc/Fonts/font_12x16.h:41:57: warning: unsigned conversion from 'int' to 'unsigned char' changes value from '50054' to '134' [-Woverflow]
   41 |                             0x0000,0x00fc,0x817a,0xc386,0xc386,0xc386,0xc386,0xc386,0xc386,0xbd7a,0x7efc,0x0000,  // 9
      |                                                         ^~~~~~
../Core/Inc/Fonts/font_12x16.h:41:64: warning: unsigned conversion from 'int' to 'unsigned char' changes value from '50054' to '134' [-Woverflow]
   41 |                             0x0000,0x00fc,0x817a,0xc386,0xc386,0xc386,0xc386,0xc386,0xc386,0xbd7a,0x7efc,0x0000,  // 9
      |                                                                ^~~~~~
../Core/Inc/Fonts/font_12x16.h:41:71: warning: unsigned conversion from 'int' to 'unsigned char' changes value from '50054' to '134' [-Woverflow]
   41 |                             0x0000,0x00fc,0x817a,0xc386,0xc386,0xc386,0xc386,0xc386,0xc386,0xbd7a,0x7efc,0x0000,  // 9
      |                                                                       ^~~~~~
../Core/Inc/Fonts/font_12x16.h:41:78: warning: unsigned conversion from 'int' to 'unsigned char' changes value from '50054' to '134' [-Woverflow]
   41 |                             0x0000,0x00fc,0x817a,0xc386,0xc386,0xc386,0xc386,0xc386,0xc386,0xbd7a,0x7efc,0x0000,  // 9
      |                                                                              ^~~~~~
../Core/Inc/Fonts/font_12x16.h:41:85: warning: unsigned conversion from 'int' to 'unsigned char' changes value from '50054' to '134' [-Woverflow]
   41 |                             0x0000,0x00fc,0x817a,0xc386,0xc386,0xc386,0xc386,0xc386,0xc386,0xbd7a,0x7efc,0x0000,  // 9
      |                                                                                     ^~~~~~
../Core/Inc/Fonts/font_12x16.h:41:92: warning: unsigned conversion from 'int' to 'unsigned char' changes value from '48506' to '122' [-Woverflow]
   41 |                             0x0000,0x00fc,0x817a,0xc386,0xc386,0xc386,0xc386,0xc386,0xc386,0xbd7a,0x7efc,0x0000,  // 9
      |                                                                                            ^~~~~~
../Core/Inc/Fonts/font_12x16.h:41:99: warning: unsigned conversion from 'int' to 'unsigned char' changes value from '32508' to '252' [-Woverflow]
   41 |                             0x0000,0x00fc,0x817a,0xc386,0xc386,0xc386,0xc386,0xc386,0xc386,0xbd7a,0x7efc,0x0000,  // 9
      |                                                                                                   ^~~~~~
arm-none-eabi-gcc -o "CeB_v1.0.elf" @"objects.list"   -mcpu=cortex-m4 -T"C:\Users\mpiwowarski\Desktop\CeB_MP_F\CeB_v1.0\STM32F411CEUX_FLASH.ld" --specs=nosys.specs -Wl,-Map="CeB_v1.0.map" -Wl,--gc-sections -static --specs=nano.specs -mfpu=fpv4-sp-d16 -mfloat-abi=hard -mthumb -Wl,--start-group -lc -lm -Wl,--end-group
Finished building target: CeB_v1.0.elf
 
arm-none-eabi-size  CeB_v1.0.elf 
arm-none-eabi-objdump -h -S CeB_v1.0.elf  > "CeB_v1.0.list"
   text	   data	    bss	    dec	    hex	filename
  12460	     16	   2760	  15236	   3b84	CeB_v1.0.elf
Finished building: default.size.stdout
 
Finished building: CeB_v1.0.list
 
11:35:55 **** Incremental Build of configuration Debug for project CeB_v1.0 ****
make -j16 all 
arm-none-eabi-gcc "../Core/Src/main.c" -mcpu=cortex-m4 -std=gnu11 -g3 -DDEBUG -DUSE_HAL_DRIVER -DSTM32F411xE -c -I../Core/Inc -I../Drivers/STM32F4xx_HAL_Driver/Inc -I../Drivers/STM32F4xx_HAL_Driver/Inc/Legacy -I../Drivers/CMSIS/Device/ST/STM32F4xx/Include -I../Drivers/CMSIS/Include -O0 -ffunction-sections -fdata-sections -Wall -fstack-usage -fcyclomatic-complexity -MMD -MP -MF"Core/Src/main.d" -MT"Core/Src/main.o" --specs=nano.specs -mfpu=fpv4-sp-d16 -mfloat-abi=hard -mthumb -o "Core/Src/main.o"
In file included from ../Core/Inc/Fonts/fonts.h:23,
                 from ../Core/Src/main.c:31:
../Core/Inc/Fonts/font_12x16.h:28:43: warning: unsigned conversion from 'int' to 'unsigned char' changes value from '256' to '0' [-Woverflow]
   28 |                             0x0000,0x0000,0x0100,0x0380,0x0380,0x0380,0x0380,0x0380,0x0380,0x0100,0x0000,0x0000,   // -
      |                                           ^~~~~~
../Core/Inc/Fonts/font_12x16.h:28:50: warning: unsigned conversion from 'int' to 'unsigned char' changes value from '896' to '128' [-Woverflow]
   28 |                             0x0000,0x0000,0x0100,0x0380,0x0380,0x0380,0x0380,0x0380,0x0380,0x0100,0x0000,0x0000,   // -
      |                                                  ^~~~~~
../Core/Inc/Fonts/font_12x16.h:28:57: warning: unsigned conversion from 'int' to 'unsigned char' changes value from '896' to '128' [-Woverflow]
   28 |                             0x0000,0x0000,0x0100,0x0380,0x0380,0x0380,0x0380,0x0380,0x0380,0x0100,0x0000,0x0000,   // -
      |                                                         ^~~~~~
../Core/Inc/Fonts/font_12x16.h:28:64: warning: unsigned conversion from 'int' to 'unsigned char' changes value from '896' to '128' [-Woverflow]
   28 |                             0x0000,0x0000,0x0100,0x0380,0x0380,0x0380,0x0380,0x0380,0x0380,0x0100,0x0000,0x0000,   // -
      |                                                                ^~~~~~
../Core/Inc/Fonts/font_12x16.h:28:71: warning: unsigned conversion from 'int' to 'unsigned char' changes value from '896' to '128' [-Woverflow]
   28 |                             0x0000,0x0000,0x0100,0x0380,0x0380,0x0380,0x0380,0x0380,0x0380,0x0100,0x0000,0x0000,   // -
      |                                                                       ^~~~~~
../Core/Inc/Fonts/font_12x16.h:28:78: warning: unsigned conversion from 'int' to 'unsigned char' changes value from '896' to '128' [-Woverflow]
   28 |                             0x0000,0x0000,0x0100,0x0380,0x0380,0x0380,0x0380,0x0380,0x0380,0x0100,0x0000,0x0000,   // -
      |                                                                              ^~~~~~
../Core/Inc/Fonts/font_12x16.h:28:85: warning: unsigned conversion from 'int' to 'unsigned char' changes value from '896' to '128' [-Woverflow]
   28 |                             0x0000,0x0000,0x0100,0x0380,0x0380,0x0380,0x0380,0x0380,0x0380,0x0100,0x0000,0x0000,   // -
      |                                                                                     ^~~~~~
../Core/Inc/Fonts/font_12x16.h:28:92: warning: unsigned conversion from 'int' to 'unsigned char' changes value from '256' to '0' [-Woverflow]
   28 |                             0x0000,0x0000,0x0100,0x0380,0x0380,0x0380,0x0380,0x0380,0x0380,0x0100,0x0000,0x0000,   // -
      |                                                                                            ^~~~~~
../Core/Inc/Fonts/font_12x16.h:29:64: warning: unsigned conversion from 'int' to 'unsigned char' changes value from '49152' to '0' [-Woverflow]
   29 |                             0x0000,0x0000,0x0000,0x0000,0x0000,0xc000,0xc000,0x0000,0x0000,0x0000,0x0000,0x0000,   // .
      |                                                                ^~~~~~
../Core/Inc/Fonts/font_12x16.h:29:71: warning: unsigned conversion from 'int' to 'unsigned char' changes value from '49152' to '0' [-Woverflow]
   29 |                             0x0000,0x0000,0x0000,0x0000,0x0000,0xc000,0xc000,0x0000,0x0000,0x0000,0x0000,0x0000,   // .
      |                                                                       ^~~~~~
../Core/Inc/Fonts/font_12x16.h:30:43: warning: unsigned conversion from 'int' to 'unsigned char' changes value from '33026' to '2' [-Woverflow]
   30 |                             0x0000,0x0000,0x8102,0xc386,0xc386,0xc386,0xc386,0xc386,0xc386,0x8102,0x0000,0x0000,   // /
      |                                           ^~~~~~
../Core/Inc/Fonts/font_12x16.h:30:50: warning: unsigned conversion from 'int' to 'unsigned char' changes value from '50054' to '134' [-Woverflow]
   30 |                             0x0000,0x0000,0x8102,0xc386,0xc386,0xc386,0xc386,0xc386,0xc386,0x8102,0x0000,0x0000,   // /
      |                                                  ^~~~~~
../Core/Inc/Fonts/font_12x16.h:30:57: warning: unsigned conversion from 'int' to 'unsigned char' changes value from '50054' to '134' [-Woverflow]
   30 |                             0x0000,0x0000,0x8102,0xc386,0xc386,0xc386,0xc386,0xc386,0xc386,0x8102,0x0000,0x0000,   // /
      |                                                         ^~~~~~
../Core/Inc/Fonts/font_12x16.h:30:64: warning: unsigned conversion from 'int' to 'unsigned char' changes value from '50054' to '134' [-Woverflow]
   30 |                             0x0000,0x0000,0x8102,0xc386,0xc386,0xc386,0xc386,0xc386,0xc386,0x8102,0x0000,0x0000,   // /
      |                                                                ^~~~~~
../Core/Inc/Fonts/font_12x16.h:30:71: warning: unsigned conversion from 'int' to 'unsigned char' changes value from '50054' to '134' [-Woverflow]
   30 |                             0x0000,0x0000,0x8102,0xc386,0xc386,0xc386,0xc386,0xc386,0xc386,0x8102,0x0000,0x0000,   // /
      |                                                                       ^~~~~~
../Core/Inc/Fonts/font_12x16.h:30:78: warning: unsigned conversion from 'int' to 'unsigned char' changes value from '50054' to '134' [-Woverflow]
   30 |                             0x0000,0x0000,0x8102,0xc386,0xc386,0xc386,0xc386,0xc386,0xc386,0x8102,0x0000,0x0000,   // /
      |                                                                              ^~~~~~
../Core/Inc/Fonts/font_12x16.h:30:85: warning: unsigned conversion from 'int' to 'unsigned char' changes value from '50054' to '134' [-Woverflow]
   30 |                             0x0000,0x0000,0x8102,0xc386,0xc386,0xc386,0xc386,0xc386,0xc386,0x8102,0x0000,0x0000,   // /
      |                                                                                     ^~~~~~
../Core/Inc/Fonts/font_12x16.h:30:92: warning: unsigned conversion from 'int' to 'unsigned char' changes value from '33026' to '2' [-Woverflow]
   30 |                             0x0000,0x0000,0x8102,0xc386,0xc386,0xc386,0xc386,0xc386,0xc386,0x8102,0x0000,0x0000,   // /
      |                                                                                            ^~~~~~
../Core/Inc/Fonts/font_12x16.h:32:36: warning: unsigned conversion from 'int' to 'unsigned char' changes value from '32508' to '252' [-Woverflow]
   32 |                             0x0000,0x7efc,0xbc7a,0xc006,0xc006,0xc006,0xc006,0xc006,0xc006,0xbc7a,0x7efc,0x0000,  // 0
      |                                    ^~~~~~
../Core/Inc/Fonts/font_12x16.h:32:43: warning: unsigned conversion from 'int' to 'unsigned char' changes value from '48250' to '122' [-Woverflow]
   32 |                             0x0000,0x7efc,0xbc7a,0xc006,0xc006,0xc006,0xc006,0xc006,0xc006,0xbc7a,0x7efc,0x0000,  // 0
      |                                           ^~~~~~
../Core/Inc/Fonts/font_12x16.h:32:50: warning: unsigned conversion from 'int' to 'unsigned char' changes value from '49158' to '6' [-Woverflow]
   32 |                             0x0000,0x7efc,0xbc7a,0xc006,0xc006,0xc006,0xc006,0xc006,0xc006,0xbc7a,0x7efc,0x0000,  // 0
      |                                                  ^~~~~~
../Core/Inc/Fonts/font_12x16.h:32:57: warning: unsigned conversion from 'int' to 'unsigned char' changes value from '49158' to '6' [-Woverflow]
   32 |                             0x0000,0x7efc,0xbc7a,0xc006,0xc006,0xc006,0xc006,0xc006,0xc006,0xbc7a,0x7efc,0x0000,  // 0
      |                                                         ^~~~~~
../Core/Inc/Fonts/font_12x16.h:32:64: warning: unsigned conversion from 'int' to 'unsigned char' changes value from '49158' to '6' [-Woverflow]
   32 |                             0x0000,0x7efc,0xbc7a,0xc006,0xc006,0xc006,0xc006,0xc006,0xc006,0xbc7a,0x7efc,0x0000,  // 0
      |                                                                ^~~~~~
../Core/Inc/Fonts/font_12x16.h:32:71: warning: unsigned conversion from 'int' to 'unsigned char' changes value from '49158' to '6' [-Woverflow]
   32 |                             0x0000,0x7efc,0xbc7a,0xc006,0xc006,0xc006,0xc006,0xc006,0xc006,0xbc7a,0x7efc,0x0000,  // 0
      |                                                                       ^~~~~~
../Core/Inc/Fonts/font_12x16.h:32:78: warning: unsigned conversion from 'int' to 'unsigned char' changes value from '49158' to '6' [-Woverflow]
   32 |                             0x0000,0x7efc,0xbc7a,0xc006,0xc006,0xc006,0xc006,0xc006,0xc006,0xbc7a,0x7efc,0x0000,  // 0
      |                                                                              ^~~~~~
../Core/Inc/Fonts/font_12x16.h:32:85: warning: unsigned conversion from 'int' to 'unsigned char' changes value from '49158' to '6' [-Woverflow]
   32 |                             0x0000,0x7efc,0xbc7a,0xc006,0xc006,0xc006,0xc006,0xc006,0xc006,0xbc7a,0x7efc,0x0000,  // 0
      |                                                                                     ^~~~~~
../Core/Inc/Fonts/font_12x16.h:32:92: warning: unsigned conversion from 'int' to 'unsigned char' changes value from '48250' to '122' [-Woverflow]
   32 |                             0x0000,0x7efc,0xbc7a,0xc006,0xc006,0xc006,0xc006,0xc006,0xc006,0xbc7a,0x7efc,0x0000,  // 0
      |                                                                                            ^~~~~~
../Core/Inc/Fonts/font_12x16.h:32:99: warning: unsigned conversion from 'int' to 'unsigned char' changes value from '32508' to '252' [-Woverflow]
   32 |                             0x0000,0x7efc,0xbc7a,0xc006,0xc006,0xc006,0xc006,0xc006,0xc006,0xbc7a,0x7efc,0x0000,  // 0
      |                                                                                                   ^~~~~~
../Core/Inc/Fonts/font_12x16.h:33:92: warning: unsigned conversion from 'int' to 'unsigned char' changes value from '15480' to '120' [-Woverflow]
   33 |                             0x0000,0x0000,0x0000,0x0000,0x0000,0x0000,0x0000,0x0000,0x0000,0x3c78,0x7efc,0x0000,  // 1
      |                                                                                            ^~~~~~
../Core/Inc/Fonts/font_12x16.h:33:99: warning: unsigned conversion from 'int' to 'unsigned char' changes value from '32508' to '252' [-Woverflow]
   33 |                             0x0000,0x0000,0x0000,0x0000,0x0000,0x0000,0x0000,0x0000,0x0000,0x3c78,0x7efc,0x0000,  // 1
      |                                                                                                   ^~~~~~
../Core/Inc/Fonts/font_12x16.h:34:36: warning: unsigned conversion from 'int' to 'unsigned char' changes value from '32256' to '0' [-Woverflow]
   34 |                             0x0000,0x7e00,0xbd02,0xc386,0xc386,0xc386,0xc386,0xc386,0xc386,0x817a,0x00fc,0x0000,  // 2
      |                                    ^~~~~~
../Core/Inc/Fonts/font_12x16.h:34:43: warning: unsigned conversion from 'int' to 'unsigned char' changes value from '48386' to '2' [-Woverflow]
   34 |                             0x0000,0x7e00,0xbd02,0xc386,0xc386,0xc386,0xc386,0xc386,0xc386,0x817a,0x00fc,0x0000,  // 2
      |                                           ^~~~~~
../Core/Inc/Fonts/font_12x16.h:34:50: warning: unsigned conversion from 'int' to 'unsigned char' changes value from '50054' to '134' [-Woverflow]
   34 |                             0x0000,0x7e00,0xbd02,0xc386,0xc386,0xc386,0xc386,0xc386,0xc386,0x817a,0x00fc,0x0000,  // 2
      |                                                  ^~~~~~
../Core/Inc/Fonts/font_12x16.h:34:57: warning: unsigned conversion from 'int' to 'unsigned char' changes value from '50054' to '134' [-Woverflow]
   34 |                             0x0000,0x7e00,0xbd02,0xc386,0xc386,0xc386,0xc386,0xc386,0xc386,0x817a,0x00fc,0x0000,  // 2
      |                                                         ^~~~~~
../Core/Inc/Fonts/font_12x16.h:34:64: warning: unsigned conversion from 'int' to 'unsigned char' changes value from '50054' to '134' [-Woverflow]
   34 |                             0x0000,0x7e00,0xbd02,0xc386,0xc386,0xc386,0xc386,0xc386,0xc386,0x817a,0x00fc,0x0000,  // 2
      |                                                                ^~~~~~
../Core/Inc/Fonts/font_12x16.h:34:71: warning: unsigned conversion from 'int' to 'unsigned char' changes value from '50054' to '134' [-Woverflow]
   34 |                             0x0000,0x7e00,0xbd02,0xc386,0xc386,0xc386,0xc386,0xc386,0xc386,0x817a,0x00fc,0x0000,  // 2
      |                                                                       ^~~~~~
../Core/Inc/Fonts/font_12x16.h:34:78: warning: unsigned conversion from 'int' to 'unsigned char' changes value from '50054' to '134' [-Woverflow]
   34 |                             0x0000,0x7e00,0xbd02,0xc386,0xc386,0xc386,0xc386,0xc386,0xc386,0x817a,0x00fc,0x0000,  // 2
      |                                                                              ^~~~~~
../Core/Inc/Fonts/font_12x16.h:34:85: warning: unsigned conversion from 'int' to 'unsigned char' changes value from '50054' to '134' [-Woverflow]
   34 |                             0x0000,0x7e00,0xbd02,0xc386,0xc386,0xc386,0xc386,0xc386,0xc386,0x817a,0x00fc,0x0000,  // 2
      |                                                                                     ^~~~~~
../Core/Inc/Fonts/font_12x16.h:34:92: warning: unsigned conversion from 'int' to 'unsigned char' changes value from '33146' to '122' [-Woverflow]
   34 |                             0x0000,0x7e00,0xbd02,0xc386,0xc386,0xc386,0xc386,0xc386,0xc386,0x817a,0x00fc,0x0000,  // 2
      |                                                                                            ^~~~~~
../Core/Inc/Fonts/font_12x16.h:35:43: warning: unsigned conversion from 'int' to 'unsigned char' changes value from '33026' to '2' [-Woverflow]
   35 |                             0x0000,0x0000,0x8102,0xc386,0xc386,0xc386,0xc386,0xc386,0xc386,0xbd7a,0x7efc,0x0000,  // 3
      |                                           ^~~~~~
../Core/Inc/Fonts/font_12x16.h:35:50: warning: unsigned conversion from 'int' to 'unsigned char' changes value from '50054' to '134' [-Woverflow]
   35 |                             0x0000,0x0000,0x8102,0xc386,0xc386,0xc386,0xc386,0xc386,0xc386,0xbd7a,0x7efc,0x0000,  // 3
      |                                                  ^~~~~~
../Core/Inc/Fonts/font_12x16.h:35:57: warning: unsigned conversion from 'int' to 'unsigned char' changes value from '50054' to '134' [-Woverflow]
   35 |                             0x0000,0x0000,0x8102,0xc386,0xc386,0xc386,0xc386,0xc386,0xc386,0xbd7a,0x7efc,0x0000,  // 3
      |                                                         ^~~~~~
../Core/Inc/Fonts/font_12x16.h:35:64: warning: unsigned conversion from 'int' to 'unsigned char' changes value from '50054' to '134' [-Woverflow]
   35 |                             0x0000,0x0000,0x8102,0xc386,0xc386,0xc386,0xc386,0xc386,0xc386,0xbd7a,0x7efc,0x0000,  // 3
      |                                                                ^~~~~~
../Core/Inc/Fonts/font_12x16.h:35:71: warning: unsigned conversion from 'int' to 'unsigned char' changes value from '50054' to '134' [-Woverflow]
   35 |                             0x0000,0x0000,0x8102,0xc386,0xc386,0xc386,0xc386,0xc386,0xc386,0xbd7a,0x7efc,0x0000,  // 3
      |                                                                       ^~~~~~
../Core/Inc/Fonts/font_12x16.h:35:78: warning: unsigned conversion from 'int' to 'unsigned char' changes value from '50054' to '134' [-Woverflow]
   35 |                             0x0000,0x0000,0x8102,0xc386,0xc386,0xc386,0xc386,0xc386,0xc386,0xbd7a,0x7efc,0x0000,  // 3
      |                                                                              ^~~~~~
../Core/Inc/Fonts/font_12x16.h:35:85: warning: unsigned conversion from 'int' to 'unsigned char' changes value from '50054' to '134' [-Woverflow]
   35 |                             0x0000,0x0000,0x8102,0xc386,0xc386,0xc386,0xc386,0xc386,0xc386,0xbd7a,0x7efc,0x0000,  // 3
      |                                                                                     ^~~~~~
../Core/Inc/Fonts/font_12x16.h:35:92: warning: unsigned conversion from 'int' to 'unsigned char' changes value from '48506' to '122' [-Woverflow]
   35 |                             0x0000,0x0000,0x8102,0xc386,0xc386,0xc386,0xc386,0xc386,0xc386,0xbd7a,0x7efc,0x0000,  // 3
      |                                                                                            ^~~~~~
../Core/Inc/Fonts/font_12x16.h:35:99: warning: unsigned conversion from 'int' to 'unsigned char' changes value from '32508' to '252' [-Woverflow]
   35 |                             0x0000,0x0000,0x8102,0xc386,0xc386,0xc386,0xc386,0xc386,0xc386,0xbd7a,0x7efc,0x0000,  // 3
      |                                                                                                   ^~~~~~
../Core/Inc/Fonts/font_12x16.h:36:43: warning: unsigned conversion from 'int' to 'unsigned char' changes value from '376' to '120' [-Woverflow]
   36 |                             0x0000,0x00fc,0x0178,0x0380,0x0380,0x0380,0x0380,0x0380,0x0380,0x3d78,0x7efc,0x0000,  // 4
      |                                           ^~~~~~
../Core/Inc/Fonts/font_12x16.h:36:50: warning: unsigned conversion from 'int' to 'unsigned char' changes value from '896' to '128' [-Woverflow]
   36 |                             0x0000,0x00fc,0x0178,0x0380,0x0380,0x0380,0x0380,0x0380,0x0380,0x3d78,0x7efc,0x0000,  // 4
      |                                                  ^~~~~~
../Core/Inc/Fonts/font_12x16.h:36:57: warning: unsigned conversion from 'int' to 'unsigned char' changes value from '896' to '128' [-Woverflow]
   36 |                             0x0000,0x00fc,0x0178,0x0380,0x0380,0x0380,0x0380,0x0380,0x0380,0x3d78,0x7efc,0x0000,  // 4
      |                                                         ^~~~~~
../Core/Inc/Fonts/font_12x16.h:36:64: warning: unsigned conversion from 'int' to 'unsigned char' changes value from '896' to '128' [-Woverflow]
   36 |                             0x0000,0x00fc,0x0178,0x0380,0x0380,0x0380,0x0380,0x0380,0x0380,0x3d78,0x7efc,0x0000,  // 4
      |                                                                ^~~~~~
../Core/Inc/Fonts/font_12x16.h:36:71: warning: unsigned conversion from 'int' to 'unsigned char' changes value from '896' to '128' [-Woverflow]
   36 |                             0x0000,0x00fc,0x0178,0x0380,0x0380,0x0380,0x0380,0x0380,0x0380,0x3d78,0x7efc,0x0000,  // 4
      |                                                                       ^~~~~~
../Core/Inc/Fonts/font_12x16.h:36:78: warning: unsigned conversion from 'int' to 'unsigned char' changes value from '896' to '128' [-Woverflow]
   36 |                             0x0000,0x00fc,0x0178,0x0380,0x0380,0x0380,0x0380,0x0380,0x0380,0x3d78,0x7efc,0x0000,  // 4
      |                                                                              ^~~~~~
../Core/Inc/Fonts/font_12x16.h:36:85: warning: unsigned conversion from 'int' to 'unsigned char' changes value from '896' to '128' [-Woverflow]
   36 |                             0x0000,0x00fc,0x0178,0x0380,0x0380,0x0380,0x0380,0x0380,0x0380,0x3d78,0x7efc,0x0000,  // 4
      |                                                                                     ^~~~~~
../Core/Inc/Fonts/font_12x16.h:36:92: warning: unsigned conversion from 'int' to 'unsigned char' changes value from '15736' to '120' [-Woverflow]
   36 |                             0x0000,0x00fc,0x0178,0x0380,0x0380,0x0380,0x0380,0x0380,0x0380,0x3d78,0x7efc,0x0000,  // 4
      |                                                                                            ^~~~~~
../Core/Inc/Fonts/font_12x16.h:36:99: warning: unsigned conversion from 'int' to 'unsigned char' changes value from '32508' to '252' [-Woverflow]
   36 |                             0x0000,0x00fc,0x0178,0x0380,0x0380,0x0380,0x0380,0x0380,0x0380,0x3d78,0x7efc,0x0000,  // 4
      |                                                                                                   ^~~~~~
../Core/Inc/Fonts/font_12x16.h:37:43: warning: unsigned conversion from 'int' to 'unsigned char' changes value from '33146' to '122' [-Woverflow]
   37 |                             0x0000,0x00fc,0x817a,0xc386,0xc386,0xc386,0xc386,0xc386,0xc386,0xbd02,0x7e00,0x0000,  // 5
      |                                           ^~~~~~
../Core/Inc/Fonts/font_12x16.h:37:50: warning: unsigned conversion from 'int' to 'unsigned char' changes value from '50054' to '134' [-Woverflow]
   37 |                             0x0000,0x00fc,0x817a,0xc386,0xc386,0xc386,0xc386,0xc386,0xc386,0xbd02,0x7e00,0x0000,  // 5
      |                                                  ^~~~~~
../Core/Inc/Fonts/font_12x16.h:37:57: warning: unsigned conversion from 'int' to 'unsigned char' changes value from '50054' to '134' [-Woverflow]
   37 |                             0x0000,0x00fc,0x817a,0xc386,0xc386,0xc386,0xc386,0xc386,0xc386,0xbd02,0x7e00,0x0000,  // 5
      |                                                         ^~~~~~
../Core/Inc/Fonts/font_12x16.h:37:64: warning: unsigned conversion from 'int' to 'unsigned char' changes value from '50054' to '134' [-Woverflow]
   37 |                             0x0000,0x00fc,0x817a,0xc386,0xc386,0xc386,0xc386,0xc386,0xc386,0xbd02,0x7e00,0x0000,  // 5
      |                                                                ^~~~~~
../Core/Inc/Fonts/font_12x16.h:37:71: warning: unsigned conversion from 'int' to 'unsigned char' changes value from '50054' to '134' [-Woverflow]
   37 |                             0x0000,0x00fc,0x817a,0xc386,0xc386,0xc386,0xc386,0xc386,0xc386,0xbd02,0x7e00,0x0000,  // 5
      |                                                                       ^~~~~~
../Core/Inc/Fonts/font_12x16.h:37:78: warning: unsigned conversion from 'int' to 'unsigned char' changes value from '50054' to '134' [-Woverflow]
   37 |                             0x0000,0x00fc,0x817a,0xc386,0xc386,0xc386,0xc386,0xc386,0xc386,0xbd02,0x7e00,0x0000,  // 5
      |                                                                              ^~~~~~
../Core/Inc/Fonts/font_12x16.h:37:85: warning: unsigned conversion from 'int' to 'unsigned char' changes value from '50054' to '134' [-Woverflow]
   37 |                             0x0000,0x00fc,0x817a,0xc386,0xc386,0xc386,0xc386,0xc386,0xc386,0xbd02,0x7e00,0x0000,  // 5
      |                                                                                     ^~~~~~
../Core/Inc/Fonts/font_12x16.h:37:92: warning: unsigned conversion from 'int' to 'unsigned char' changes value from '48386' to '2' [-Woverflow]
   37 |                             0x0000,0x00fc,0x817a,0xc386,0xc386,0xc386,0xc386,0xc386,0xc386,0xbd02,0x7e00,0x0000,  // 5
      |                                                                                            ^~~~~~
../Core/Inc/Fonts/font_12x16.h:37:99: warning: unsigned conversion from 'int' to 'unsigned char' changes value from '32256' to '0' [-Woverflow]
   37 |                             0x0000,0x00fc,0x817a,0xc386,0xc386,0xc386,0xc386,0xc386,0xc386,0xbd02,0x7e00,0x0000,  // 5
      |                                                                                                   ^~~~~~
../Core/Inc/Fonts/font_12x16.h:38:36: warning: unsigned conversion from 'int' to 'unsigned char' changes value from '32508' to '252' [-Woverflow]
   38 |                             0x0000,0x7efc,0xbd7a,0xc386,0xc386,0xc386,0xc386,0xc386,0xc386,0xbd02,0x7e00,0x0000,  // 6
      |                                    ^~~~~~
../Core/Inc/Fonts/font_12x16.h:38:43: warning: unsigned conversion from 'int' to 'unsigned char' changes value from '48506' to '122' [-Woverflow]
   38 |                             0x0000,0x7efc,0xbd7a,0xc386,0xc386,0xc386,0xc386,0xc386,0xc386,0xbd02,0x7e00,0x0000,  // 6
      |                                           ^~~~~~
../Core/Inc/Fonts/font_12x16.h:38:50: warning: unsigned conversion from 'int' to 'unsigned char' changes value from '50054' to '134' [-Woverflow]
   38 |                             0x0000,0x7efc,0xbd7a,0xc386,0xc386,0xc386,0xc386,0xc386,0xc386,0xbd02,0x7e00,0x0000,  // 6
      |                                                  ^~~~~~
../Core/Inc/Fonts/font_12x16.h:38:57: warning: unsigned conversion from 'int' to 'unsigned char' changes value from '50054' to '134' [-Woverflow]
   38 |                             0x0000,0x7efc,0xbd7a,0xc386,0xc386,0xc386,0xc386,0xc386,0xc386,0xbd02,0x7e00,0x0000,  // 6
      |                                                         ^~~~~~
../Core/Inc/Fonts/font_12x16.h:38:64: warning: unsigned conversion from 'int' to 'unsigned char' changes value from '50054' to '134' [-Woverflow]
   38 |                             0x0000,0x7efc,0xbd7a,0xc386,0xc386,0xc386,0xc386,0xc386,0xc386,0xbd02,0x7e00,0x0000,  // 6
      |                                                                ^~~~~~
../Core/Inc/Fonts/font_12x16.h:38:71: warning: unsigned conversion from 'int' to 'unsigned char' changes value from '50054' to '134' [-Woverflow]
   38 |                             0x0000,0x7efc,0xbd7a,0xc386,0xc386,0xc386,0xc386,0xc386,0xc386,0xbd02,0x7e00,0x0000,  // 6
      |                                                                       ^~~~~~
../Core/Inc/Fonts/font_12x16.h:38:78: warning: unsigned conversion from 'int' to 'unsigned char' changes value from '50054' to '134' [-Woverflow]
   38 |                             0x0000,0x7efc,0xbd7a,0xc386,0xc386,0xc386,0xc386,0xc386,0xc386,0xbd02,0x7e00,0x0000,  // 6
      |                                                                              ^~~~~~
../Core/Inc/Fonts/font_12x16.h:38:85: warning: unsigned conversion from 'int' to 'unsigned char' changes value from '50054' to '134' [-Woverflow]
   38 |                             0x0000,0x7efc,0xbd7a,0xc386,0xc386,0xc386,0xc386,0xc386,0xc386,0xbd02,0x7e00,0x0000,  // 6
      |                                                                                     ^~~~~~
../Core/Inc/Fonts/font_12x16.h:38:92: warning: unsigned conversion from 'int' to 'unsigned char' changes value from '48386' to '2' [-Woverflow]
   38 |                             0x0000,0x7efc,0xbd7a,0xc386,0xc386,0xc386,0xc386,0xc386,0xc386,0xbd02,0x7e00,0x0000,  // 6
      |                                                                                            ^~~~~~
../Core/Inc/Fonts/font_12x16.h:38:99: warning: unsigned conversion from 'int' to 'unsigned char' changes value from '32256' to '0' [-Woverflow]
   38 |                             0x0000,0x7efc,0xbd7a,0xc386,0xc386,0xc386,0xc386,0xc386,0xc386,0xbd02,0x7e00,0x0000,  // 6
      |                                                                                                   ^~~~~~
../Core/Inc/Fonts/font_12x16.h:39:92: warning: unsigned conversion from 'int' to 'unsigned char' changes value from '15482' to '122' [-Woverflow]
   39 |                             0x0000,0x0000,0x0002,0x0006,0x0006,0x0006,0x0006,0x0006,0x0006,0x3c7a,0x7efc,0x0000,  // 7
      |                                                                                            ^~~~~~
../Core/Inc/Fonts/font_12x16.h:39:99: warning: unsigned conversion from 'int' to 'unsigned char' changes value from '32508' to '252' [-Woverflow]
   39 |                             0x0000,0x0000,0x0002,0x0006,0x0006,0x0006,0x0006,0x0006,0x0006,0x3c7a,0x7efc,0x0000,  // 7
      |                                                                                                   ^~~~~~
../Core/Inc/Fonts/font_12x16.h:40:36: warning: unsigned conversion from 'int' to 'unsigned char' changes value from '32508' to '252' [-Woverflow]
   40 |                             0x0000,0x7efc,0xbd7a,0xc386,0xc386,0xc386,0xc386,0xc386,0xc386,0xbd7a,0x7efc,0x0000,  // 8
      |                                    ^~~~~~
../Core/Inc/Fonts/font_12x16.h:40:43: warning: unsigned conversion from 'int' to 'unsigned char' changes value from '48506' to '122' [-Woverflow]
   40 |                             0x0000,0x7efc,0xbd7a,0xc386,0xc386,0xc386,0xc386,0xc386,0xc386,0xbd7a,0x7efc,0x0000,  // 8
      |                                           ^~~~~~
../Core/Inc/Fonts/font_12x16.h:40:50: warning: unsigned conversion from 'int' to 'unsigned char' changes value from '50054' to '134' [-Woverflow]
   40 |                             0x0000,0x7efc,0xbd7a,0xc386,0xc386,0xc386,0xc386,0xc386,0xc386,0xbd7a,0x7efc,0x0000,  // 8
      |                                                  ^~~~~~
../Core/Inc/Fonts/font_12x16.h:40:57: warning: unsigned conversion from 'int' to 'unsigned char' changes value from '50054' to '134' [-Woverflow]
   40 |                             0x0000,0x7efc,0xbd7a,0xc386,0xc386,0xc386,0xc386,0xc386,0xc386,0xbd7a,0x7efc,0x0000,  // 8
      |                                                         ^~~~~~
../Core/Inc/Fonts/font_12x16.h:40:64: warning: unsigned conversion from 'int' to 'unsigned char' changes value from '50054' to '134' [-Woverflow]
   40 |                             0x0000,0x7efc,0xbd7a,0xc386,0xc386,0xc386,0xc386,0xc386,0xc386,0xbd7a,0x7efc,0x0000,  // 8
      |                                                                ^~~~~~
../Core/Inc/Fonts/font_12x16.h:40:71: warning: unsigned conversion from 'int' to 'unsigned char' changes value from '50054' to '134' [-Woverflow]
[...]
make -j16 all 
arm-none-eabi-gcc "../Core/Src/main.c" -mcpu=cortex-m4 -std=gnu11 -g3 -DDEBUG -DUSE_HAL_DRIVER -DSTM32F411xE -c -I../Core/Inc -I../Drivers/STM32F4xx_HAL_Driver/Inc -I../Drivers/STM32F4xx_HAL_Driver/Inc/Legacy -I../Drivers/CMSIS/Device/ST/STM32F4xx/Include -I../Drivers/CMSIS/Include -O0 -ffunction-sections -fdata-sections -Wall -fstack-usage -fcyclomatic-complexity -MMD -MP -MF"Core/Src/main.d" -MT"Core/Src/main.o" --specs=nano.specs -mfpu=fpv4-sp-d16 -mfloat-abi=hard -mthumb -o "Core/Src/main.o"
../Core/Src/main.c: In function 'main':
../Core/Src/main.c:315:25: warning: implicit declaration of function 'NTC10K_ADC_Read_S'; did you mean 'NTC10K_ADC_Read'? [-Wimplicit-function-declaration]
  315 |                         NTC10K_ADC_Read_S(&ADC_Raw_S);
      |                         ^~~~~~~~~~~~~~~~~
      |                         NTC10K_ADC_Read
../Core/Src/main.c:316:25: warning: implicit declaration of function 'NTC10K_Get_Avg_Temp_S'; did you mean 'NTC10K_Get_Avg_Temp'? [-Wimplicit-function-declaration]
  316 |                         NTC10K_Get_Avg_Temp_S(&Avg_Tmp_S);
      |                         ^~~~~~~~~~~~~~~~~~~~~
      |                         NTC10K_Get_Avg_Temp
../Core/Src/main.c: At top level:
../Core/Src/main.c:529:1: error: expected identifier or '(' before numeric constant
  529 | 1
      | ^
make: *** [Core/Src/subdir.mk:115: Core/Src/main.o] Error 1
"make -j16 all" terminated with exit code 2. Build might be incomplete.
13:50:49 **** Incremental Build of configuration Debug for project Control_Ebike_ALL_1_1 ****
make -j16 all 
arm-none-eabi-gcc "../Core/Src/main.c" -mcpu=cortex-m4 -std=gnu11 -g3 -DDEBUG -DUSE_HAL_DRIVER -DSTM32F411xE -c -I../Core/Inc -I../Drivers/STM32F4xx_HAL_Driver/Inc -I../Drivers/STM32F4xx_HAL_Driver/Inc/Legacy -I../Drivers/CMSIS/Device/ST/STM32F4xx/Include -I../Drivers/CMSIS/Include -O0 -ffunction-sections -fdata-sections -Wall -fstack-usage -fcyclomatic-complexity -MMD -MP -MF"Core/Src/main.d" -MT"Core/Src/main.o" --specs=nano.specs -mfpu=fpv4-sp-d16 -mfloat-abi=hard -mthumb -o "Core/Src/main.o"
../Core/Src/main.c: In function 'main':
../Core/Src/main.c:315:25: warning: implicit declaration of function 'NTC10K_ADC_Read_S'; did you mean 'NTC10K_ADC_Read'? [-Wimplicit-function-declaration]
  315 |                         NTC10K_ADC_Read_S(&ADC_Raw_S);
      |                         ^~~~~~~~~~~~~~~~~
      |                         NTC10K_ADC_Read
../Core/Src/main.c:316:25: warning: implicit declaration of function 'NTC10K_Get_Avg_Temp_S'; did you mean 'NTC10K_Get_Avg_Temp'? [-Wimplicit-function-declaration]
  316 |                         NTC10K_Get_Avg_Temp_S(&Avg_Tmp_S);
      |                         ^~~~~~~~~~~~~~~~~~~~~
      |                         NTC10K_Get_Avg_Temp
../Core/Src/main.c: At top level:
../Core/Src/main.c:529:1: error: expected identifier or '(' before numeric constant
  529 | 1
      | ^
make: *** [Core/Src/subdir.mk:115: Core/Src/main.o] Error 1
"make -j16 all" terminated with exit code 2. Build might be incomplete.
13:51:05 **** Incremental Build of configuration Debug for project Control_Ebike_ALL_1_1 ****
make -j16 all 
arm-none-eabi-gcc "../Core/Src/main.c" -mcpu=cortex-m4 -std=gnu11 -g3 -DDEBUG -DUSE_HAL_DRIVER -DSTM32F411xE -c -I../Core/Inc -I../Drivers/STM32F4xx_HAL_Driver/Inc -I../Drivers/STM32F4xx_HAL_Driver/Inc/Legacy -I../Drivers/CMSIS/Device/ST/STM32F4xx/Include -I../Drivers/CMSIS/Include -O0 -ffunction-sections -fdata-sections -Wall -fstack-usage -fcyclomatic-complexity -MMD -MP -MF"Core/Src/main.d" -MT"Core/Src/main.o" --specs=nano.specs -mfpu=fpv4-sp-d16 -mfloat-abi=hard -mthumb -o "Core/Src/main.o"
../Core/Src/main.c: In function 'main':
../Core/Src/main.c:315:25: warning: implicit declaration of function 'NTC10K_ADC_Read_S'; did you mean 'NTC10K_ADC_Read'? [-Wimplicit-function-declaration]
  315 |                         NTC10K_ADC_Read_S(&ADC_Raw_S);
      |                         ^~~~~~~~~~~~~~~~~
      |                         NTC10K_ADC_Read
../Core/Src/main.c:316:25: warning: implicit declaration of function 'NTC10K_Get_Avg_Temp_S'; did you mean 'NTC10K_Get_Avg_Temp'? [-Wimplicit-function-declaration]
  316 |                         NTC10K_Get_Avg_Temp_S(&Avg_Tmp_S);
      |                         ^~~~~~~~~~~~~~~~~~~~~
      |                         NTC10K_Get_Avg_Temp
../Core/Src/main.c: At top level:
../Core/Src/main.c:529:1: error: expected identifier or '(' before numeric constant
  529 | 1
      | ^
make: *** [Core/Src/subdir.mk:115: Core/Src/main.o] Error 1
"make -j16 all" terminated with exit code 2. Build might be incomplete.
13:51:06 **** Incremental Build of configuration Debug for project Control_Ebike_ALL_1_1 ****
make -j16 all 
arm-none-eabi-gcc "../Core/Src/main.c" -mcpu=cortex-m4 -std=gnu11 -g3 -DDEBUG -DUSE_HAL_DRIVER -DSTM32F411xE -c -I../Core/Inc -I../Drivers/STM32F4xx_HAL_Driver/Inc -I../Drivers/STM32F4xx_HAL_Driver/Inc/Legacy -I../Drivers/CMSIS/Device/ST/STM32F4xx/Include -I../Drivers/CMSIS/Include -O0 -ffunction-sections -fdata-sections -Wall -fstack-usage -fcyclomatic-complexity -MMD -MP -MF"Core/Src/main.d" -MT"Core/Src/main.o" --specs=nano.specs -mfpu=fpv4-sp-d16 -mfloat-abi=hard -mthumb -o "Core/Src/main.o"
../Core/Src/main.c: In function 'main':
../Core/Src/main.c:315:25: warning: implicit declaration of function 'NTC10K_ADC_Read_S'; did you mean 'NTC10K_ADC_Read'? [-Wimplicit-function-declaration]
  315 |                         NTC10K_ADC_Read_S(&ADC_Raw_S);
      |                         ^~~~~~~~~~~~~~~~~
      |                         NTC10K_ADC_Read
../Core/Src/main.c:316:25: warning: implicit declaration of function 'NTC10K_Get_Avg_Temp_S'; did you mean 'NTC10K_Get_Avg_Temp'? [-Wimplicit-function-declaration]
  316 |                         NTC10K_Get_Avg_Temp_S(&Avg_Tmp_S);
      |                         ^~~~~~~~~~~~~~~~~~~~~
      |                         NTC10K_Get_Avg_Temp
../Core/Src/main.c: At top level:
../Core/Src/main.c:529:1: error: expected identifier or '(' before numeric constant
  529 | 1
      | ^
make: *** [Core/Src/subdir.mk:115: Core/Src/main.o] Error 1
"make -j16 all" terminated with exit code 2. Build might be incomplete.
13:51:13 **** Incremental Build of configuration Debug for project Control_Ebike_ALL_1_1 ****
make -j16 all 
arm-none-eabi-gcc "../Core/Src/main.c" -mcpu=cortex-m4 -std=gnu11 -g3 -DDEBUG -DUSE_HAL_DRIVER -DSTM32F411xE -c -I../Core/Inc -I../Drivers/STM32F4xx_HAL_Driver/Inc -I../Drivers/STM32F4xx_HAL_Driver/Inc/Legacy -I../Drivers/CMSIS/Device/ST/STM32F4xx/Include -I../Drivers/CMSIS/Include -O0 -ffunction-sections -fdata-sections -Wall -fstack-usage -fcyclomatic-complexity -MMD -MP -MF"Core/Src/main.d" -MT"Core/Src/main.o" --specs=nano.specs -mfpu=fpv4-sp-d16 -mfloat-abi=hard -mthumb -o "Core/Src/main.o"
../Core/Src/main.c: In function 'main':
../Core/Src/main.c:315:25: warning: implicit declaration of function 'NTC10K_ADC_Read_S'; did you mean 'NTC10K_ADC_Read'? [-Wimplicit-function-declaration]
  315 |                         NTC10K_ADC_Read_S(&ADC_Raw_S);
      |                         ^~~~~~~~~~~~~~~~~
      |                         NTC10K_ADC_Read
../Core/Src/main.c:316:25: warning: implicit declaration of function 'NTC10K_Get_Avg_Temp_S'; did you mean 'NTC10K_Get_Avg_Temp'? [-Wimplicit-function-declaration]
  316 |                         NTC10K_Get_Avg_Temp_S(&Avg_Tmp_S);
      |                         ^~~~~~~~~~~~~~~~~~~~~
      |                         NTC10K_Get_Avg_Temp
arm-none-eabi-gcc -o "Control_Ebike_ALL_1_1.elf" @"objects.list"   -mcpu=cortex-m4 -T"C:\Users\mpiwowarski\Desktop\Control_Ebike_Version_1_0-main\STM32F411CEUX_FLASH.ld" --specs=nosys.specs -Wl,-Map="Control_Ebike_ALL_1_1.map" -Wl,--gc-sections -static --specs=nano.specs -mfpu=fpv4-sp-d16 -mfloat-abi=hard -mthumb -u _printf_float -Wl,--start-group -lc -lm -Wl,--end-group
D:/Programy/STM32CubeIDE_1.19.0/STM32CubeIDE/plugins/com.st.stm32cube.ide.mcu.externaltools.gnu-tools-for-stm32.13.3.rel1.win32_1.0.0.202411081344/tools/bin/../lib/gcc/arm-none-eabi/13.3.1/../../../../arm-none-eabi/bin/ld.exe: warning: Control_Ebike_ALL_1_1.elf has a LOAD segment with RWX permissions
Finished building target: Control_Ebike_ALL_1_1.elf
 
arm-none-eabi-size  Control_Ebike_ALL_1_1.elf 
arm-none-eabi-objdump -h -S Control_Ebike_ALL_1_1.elf  > "Control_Ebike_ALL_1_1.list"
   text	   data	    bss	    dec	    hex	filename
  77008	    504	   4528	  82040	  14078	Control_Ebike_ALL_1_1.elf
Finished building: default.size.stdout
 
Finished building: Control_Ebike_ALL_1_1.list
 
13:51:22 **** Incremental Build of configuration Debug for project Control_Ebike_ALL_1_1 ****
make -j16 all 
arm-none-eabi-gcc "../Core/Src/main.c" -mcpu=cortex-m4 -std=gnu11 -g3 -DDEBUG -DUSE_HAL_DRIVER -DSTM32F411xE -c -I../Core/Inc -I../Drivers/STM32F4xx_HAL_Driver/Inc -I../Drivers/STM32F4xx_HAL_Driver/Inc/Legacy -I../Drivers/CMSIS/Device/ST/STM32F4xx/Include -I../Drivers/CMSIS/Include -O0 -ffunction-sections -fdata-sections -Wall -fstack-usage -fcyclomatic-complexity -MMD -MP -MF"Core/Src/main.d" -MT"Core/Src/main.o" --specs=nano.specs -mfpu=fpv4-sp-d16 -mfloat-abi=hard -mthumb -o "Core/Src/main.o"
../Core/Src/main.c: In function 'main':
../Core/Src/main.c:315:25: warning: implicit declaration of function 'NTC10K_ADC_Read_S'; did you mean 'NTC10K_ADC_Read'? [-Wimplicit-function-declaration]
  315 |                         NTC10K_ADC_Read_S(&ADC_Raw_S);
      |                         ^~~~~~~~~~~~~~~~~
      |                         NTC10K_ADC_Read
../Core/Src/main.c:316:25: warning: implicit declaration of function 'NTC10K_Get_Avg_Temp_S'; did you mean 'NTC10K_Get_Avg_Temp'? [-Wimplicit-function-declaration]
  316 |                         NTC10K_Get_Avg_Temp_S(&Avg_Tmp_S);
      |                         ^~~~~~~~~~~~~~~~~~~~~
      |                         NTC10K_Get_Avg_Temp
arm-none-eabi-gcc -o "Control_Ebike_ALL_1_1.elf" @"objects.list"   -mcpu=cortex-m4 -T"C:\Users\mpiwowarski\Desktop\Control_Ebike_Version_1_0-main\STM32F411CEUX_FLASH.ld" --specs=nosys.specs -Wl,-Map="Control_Ebike_ALL_1_1.map" -Wl,--gc-sections -static --specs=nano.specs -mfpu=fpv4-sp-d16 -mfloat-abi=hard -mthumb -u _printf_float -Wl,--start-group -lc -lm -Wl,--end-group
D:/Programy/STM32CubeIDE_1.19.0/STM32CubeIDE/plugins/com.st.stm32cube.ide.mcu.externaltools.gnu-tools-for-stm32.13.3.rel1.win32_1.0.0.202411081344/tools/bin/../lib/gcc/arm-none-eabi/13.3.1/../../../../arm-none-eabi/bin/ld.exe: warning: Control_Ebike_ALL_1_1.elf has a LOAD segment with RWX permissions
Finished building target: Control_Ebike_ALL_1_1.elf
 
arm-none-eabi-size  Control_Ebike_ALL_1_1.elf 
arm-none-eabi-objdump -h -S Control_Ebike_ALL_1_1.elf  > "Control_Ebike_ALL_1_1.list"
   text	   data	    bss	    dec	    hex	filename
  75728	    504	   4528	  80760	  13b78	Control_Ebike_ALL_1_1.elf
Finished building: default.size.stdout
 
Finished building: Control_Ebike_ALL_1_1.list
 
13:51:24 **** Incremental Build of configuration Debug for project Control_Ebike_ALL_1_1 ****
make -j16 all 
arm-none-eabi-size  Control_Ebike_ALL_1_1.elf 
   text	   data	    bss	    dec	    hex	filename
  75728	    504	   4528	  80760	  13b78	Control_Ebike_ALL_1_1.elf
Finished building: default.size.stdout
 
14:06:41 **** Incremental Build of configuration Debug for project CeB_v1.0 ****
make -j16 all 
arm-none-eabi-gcc "../Core/Src/main.c" -mcpu=cortex-m4 -std=gnu11 -g3 -DDEBUG -DUSE_HAL_DRIVER -DSTM32F411xE -c -I../Core/Inc -I../Drivers/STM32F4xx_HAL_Driver/Inc -I../Drivers/STM32F4xx_HAL_Driver/Inc/Legacy -I../Drivers/CMSIS/Device/ST/STM32F4xx/Include -I../Drivers/CMSIS/Include -O0 -ffunction-sections -fdata-sections -Wall -fstack-usage -fcyclomatic-complexity -MMD -MP -MF"Core/Src/main.d" -MT"Core/Src/main.o" --specs=nano.specs -mfpu=fpv4-sp-d16 -mfloat-abi=hard -mthumb -o "Core/Src/main.o"
../Core/Src/main.c: In function 'UI_DrawFirstScreen':
../Core/Src/main.c:171:3: warning: this 'if' clause does not guard... [-Wmisleading-indentation]
  171 |   if(pct < 0) pct = 0; if(pct > 100) pct = 100;
      |   ^~
../Core/Src/main.c:171:24: note: ...this statement, but the latter is misleadingly indented as if it were guarded by the 'if'
  171 |   if(pct < 0) pct = 0; if(pct > 100) pct = 100;
      |                        ^~
../Core/Src/main.c:175:3: warning: implicit declaration of function 'GFX_DrawFastHLine'; did you mean 'GFX_DrawLine'? [-Wimplicit-function-declaration]
  175 |   GFX_DrawFastHLine(0, 12, SSD1306_LCDWIDTH, WHITE);
      |   ^~~~~~~~~~~~~~~~~
      |   GFX_DrawLine
arm-none-eabi-gcc -o "CeB_v1.0.elf" @"objects.list"   -mcpu=cortex-m4 -T"C:\Users\mpiwowarski\Desktop\CeB_MP_F\CeB_v1.0\STM32F411CEUX_FLASH.ld" --specs=nosys.specs -Wl,-Map="CeB_v1.0.map" -Wl,--gc-sections -static --specs=nano.specs -mfpu=fpv4-sp-d16 -mfloat-abi=hard -mthumb -u _printf_float -u _scanf_float -Wl,--start-group -lc -lm -Wl,--end-group
Finished building target: CeB_v1.0.elf
 
arm-none-eabi-size  CeB_v1.0.elf 
arm-none-eabi-objdump -h -S CeB_v1.0.elf  > "CeB_v1.0.list"
   text	   data	    bss	    dec	    hex	filename
  36080	    472	   3096	  39648	   9ae0	CeB_v1.0.elf
Finished building: default.size.stdout
 
Finished building: CeB_v1.0.list
 
14:19:49 **** Incremental Build of configuration Debug for project Control_Ebike_ALL_1_1 ****
make -j16 all 
arm-none-eabi-gcc "../Core/Src/main.c" -mcpu=cortex-m4 -std=gnu11 -g3 -DDEBUG -DUSE_HAL_DRIVER -DSTM32F411xE -c -I../Core/Inc -I../Drivers/STM32F4xx_HAL_Driver/Inc -I../Drivers/STM32F4xx_HAL_Driver/Inc/Legacy -I../Drivers/CMSIS/Device/ST/STM32F4xx/Include -I../Drivers/CMSIS/Include -O0 -ffunction-sections -fdata-sections -Wall -fstack-usage -fcyclomatic-complexity -MMD -MP -MF"Core/Src/main.d" -MT"Core/Src/main.o" --specs=nano.specs -mfpu=fpv4-sp-d16 -mfloat-abi=hard -mthumb -o "Core/Src/main.o"
../Core/Src/main.c: In function 'main':
../Core/Src/main.c:298:9: warning: implicit declaration of function 'NTC10K_ADC_Read_S'; did you mean 'NTC10K_ADC_Read'? [-Wimplicit-function-declaration]
  298 |         NTC10K_ADC_Read_S(&ADC_Raw_S);
      |         ^~~~~~~~~~~~~~~~~
      |         NTC10K_ADC_Read
../Core/Src/main.c:299:9: warning: implicit declaration of function 'NTC10K_Get_Avg_Temp_S'; did you mean 'NTC10K_Get_Avg_Temp'? [-Wimplicit-function-declaration]
  299 |         NTC10K_Get_Avg_Temp_S(&Avg_Tmp_S);
      |         ^~~~~~~~~~~~~~~~~~~~~
      |         NTC10K_Get_Avg_Temp
../Core/Src/main.c: In function 'DrawCentered':
../Core/Src/main.c:483:25: warning: passing argument 1 of 'ssd1306_WriteString' discards 'const' qualifier from pointer target type [-Wdiscarded-qualifiers]
  483 |     ssd1306_WriteString(s, font, White);
      |                         ^
In file included from ../Core/Src/main.c:37:
../Core/Inc/ssd1306.h:154:32: note: expected 'char *' but argument is of type 'const char *'
  154 | char ssd1306_WriteString(char* str, FontDef Font, SSD1306_COLOR color);
      |                          ~~~~~~^~~
../Core/Src/main.c: In function 'DrawLabelValue':
../Core/Src/main.c:514:25: warning: passing argument 1 of 'ssd1306_WriteString' discards 'const' qualifier from pointer target type [-Wdiscarded-qualifiers]
  514 |     ssd1306_WriteString(label, Font_6x8, White);
      |                         ^~~~~
../Core/Inc/ssd1306.h:154:32: note: expected 'char *' but argument is of type 'const char *'
  154 | char ssd1306_WriteString(char* str, FontDef Font, SSD1306_COLOR color);
      |                          ~~~~~~^~~
../Core/Src/main.c:516:25: warning: passing argument 1 of 'ssd1306_WriteString' discards 'const' qualifier from pointer target type [-Wdiscarded-qualifiers]
  516 |     ssd1306_WriteString(value, Font_7x10, White);
      |                         ^~~~~
../Core/Inc/ssd1306.h:154:32: note: expected 'char *' but argument is of type 'const char *'
  154 | char ssd1306_WriteString(char* str, FontDef Font, SSD1306_COLOR color);
      |                          ~~~~~~^~~
arm-none-eabi-gcc -o "Control_Ebike_ALL_1_1.elf" @"objects.list"   -mcpu=cortex-m4 -T"C:\Users\mpiwowarski\Desktop\Control_Ebike_Version_1_0-main\STM32F411CEUX_FLASH.ld" --specs=nosys.specs -Wl,-Map="Control_Ebike_ALL_1_1.map" -Wl,--gc-sections -static --specs=nano.specs -mfpu=fpv4-sp-d16 -mfloat-abi=hard -mthumb -u _printf_float -Wl,--start-group -lc -lm -Wl,--end-group
D:/Programy/STM32CubeIDE_1.19.0/STM32CubeIDE/plugins/com.st.stm32cube.ide.mcu.externaltools.gnu-tools-for-stm32.13.3.rel1.win32_1.0.0.202411081344/tools/bin/../lib/gcc/arm-none-eabi/13.3.1/../../../../arm-none-eabi/bin/ld.exe: warning: Control_Ebike_ALL_1_1.elf has a LOAD segment with RWX permissions
Finished building target: Control_Ebike_ALL_1_1.elf
 
arm-none-eabi-size  Control_Ebike_ALL_1_1.elf 
arm-none-eabi-objdump -h -S Control_Ebike_ALL_1_1.elf  > "Control_Ebike_ALL_1_1.list"
   text	   data	    bss	    dec	    hex	filename
  75896	    504	   4528	  80928	  13c20	Control_Ebike_ALL_1_1.elf
Finished building: default.size.stdout
 
Finished building: Control_Ebike_ALL_1_1.list
 
14:19:52 **** Incremental Build of configuration Debug for project Control_Ebike_ALL_1_1 ****
make -j16 all 
arm-none-eabi-size  Control_Ebike_ALL_1_1.elf 
   text	   data	    bss	    dec	    hex	filename
  75896	    504	   4528	  80928	  13c20	Control_Ebike_ALL_1_1.elf
Finished building: default.size.stdout
 
14:25:23 **** Incremental Build of configuration Debug for project Control_Ebike_ALL_1_1 ****
make -j16 all 
arm-none-eabi-gcc "../Core/Src/main.c" -mcpu=cortex-m4 -std=gnu11 -g3 -DDEBUG -DUSE_HAL_DRIVER -DSTM32F411xE -c -I../Core/Inc -I../Drivers/STM32F4xx_HAL_Driver/Inc -I../Drivers/STM32F4xx_HAL_Driver/Inc/Legacy -I../Drivers/CMSIS/Device/ST/STM32F4xx/Include -I../Drivers/CMSIS/Include -O0 -ffunction-sections -fdata-sections -Wall -fstack-usage -fcyclomatic-complexity -MMD -MP -MF"Core/Src/main.d" -MT"Core/Src/main.o" --specs=nano.specs -mfpu=fpv4-sp-d16 -mfloat-abi=hard -mthumb -o "Core/Src/main.o"
../Core/Src/main.c: In function 'main':
../Core/Src/main.c:315:25: warning: implicit declaration of function 'NTC10K_ADC_Read_S'; did you mean 'NTC10K_ADC_Read'? [-Wimplicit-function-declaration]
  315 |                         NTC10K_ADC_Read_S(&ADC_Raw_S);
      |                         ^~~~~~~~~~~~~~~~~
      |                         NTC10K_ADC_Read
../Core/Src/main.c:316:25: warning: implicit declaration of function 'NTC10K_Get_Avg_Temp_S'; did you mean 'NTC10K_Get_Avg_Temp'? [-Wimplicit-function-declaration]
  316 |                         NTC10K_Get_Avg_Temp_S(&Avg_Tmp_S);
      |                         ^~~~~~~~~~~~~~~~~~~~~
      |                         NTC10K_Get_Avg_Temp
arm-none-eabi-gcc -o "Control_Ebike_ALL_1_1.elf" @"objects.list"   -mcpu=cortex-m4 -T"C:\Users\mpiwowarski\Desktop\Control_Ebike_Version_1_0-main\STM32F411CEUX_FLASH.ld" --specs=nosys.specs -Wl,-Map="Control_Ebike_ALL_1_1.map" -Wl,--gc-sections -static --specs=nano.specs -mfpu=fpv4-sp-d16 -mfloat-abi=hard -mthumb -u _printf_float -Wl,--start-group -lc -lm -Wl,--end-group
D:/Programy/STM32CubeIDE_1.19.0/STM32CubeIDE/plugins/com.st.stm32cube.ide.mcu.externaltools.gnu-tools-for-stm32.13.3.rel1.win32_1.0.0.202411081344/tools/bin/../lib/gcc/arm-none-eabi/13.3.1/../../../../arm-none-eabi/bin/ld.exe: warning: Control_Ebike_ALL_1_1.elf has a LOAD segment with RWX permissions
Finished building target: Control_Ebike_ALL_1_1.elf
 
arm-none-eabi-size  Control_Ebike_ALL_1_1.elf 
arm-none-eabi-objdump -h -S Control_Ebike_ALL_1_1.elf  > "Control_Ebike_ALL_1_1.list"
   text	   data	    bss	    dec	    hex	filename
  75728	    504	   4528	  80760	  13b78	Control_Ebike_ALL_1_1.elf
Finished building: default.size.stdout
 
Finished building: Control_Ebike_ALL_1_1.list
 
09:29:34 **** Incremental Build of configuration Debug for project CeB_v1.0 ****
make -j16 all 
arm-none-eabi-size  CeB_v1.0.elf 
   text	   data	    bss	    dec	    hex	filename
  36080	    472	   3096	  39648	   9ae0	CeB_v1.0.elf
Finished building: default.size.stdout
 
